Archive member included to satisfy reference by file (symbol)

c:/st/stm32cubeide_1.10.1/stm32cubeide/plugins/com.st.stm32cube.ide.mcu.externaltools.gnu-tools-for-stm32.10.3-2021.10.win32_1.0.0.202111181127/tools/bin/../lib/gcc/arm-none-eabi/10.3.1/../../../../arm-none-eabi/lib/thumb/v7e-m+fp/hard\libc_nano.a(lib_a-errno.o)
                              ./Src/syscalls.o (__errno)
c:/st/stm32cubeide_1.10.1/stm32cubeide/plugins/com.st.stm32cube.ide.mcu.externaltools.gnu-tools-for-stm32.10.3-2021.10.win32_1.0.0.202111181127/tools/bin/../lib/gcc/arm-none-eabi/10.3.1/../../../../arm-none-eabi/lib/thumb/v7e-m+fp/hard\libc_nano.a(lib_a-exit.o)
                              c:/st/stm32cubeide_1.10.1/stm32cubeide/plugins/com.st.stm32cube.ide.mcu.externaltools.gnu-tools-for-stm32.10.3-2021.10.win32_1.0.0.202111181127/tools/bin/../lib/gcc/arm-none-eabi/10.3.1/../../../../arm-none-eabi/lib/thumb/v7e-m+fp/hard/crt0.o (exit)
c:/st/stm32cubeide_1.10.1/stm32cubeide/plugins/com.st.stm32cube.ide.mcu.externaltools.gnu-tools-for-stm32.10.3-2021.10.win32_1.0.0.202111181127/tools/bin/../lib/gcc/arm-none-eabi/10.3.1/../../../../arm-none-eabi/lib/thumb/v7e-m+fp/hard\libc_nano.a(lib_a-impure.o)
                              c:/st/stm32cubeide_1.10.1/stm32cubeide/plugins/com.st.stm32cube.ide.mcu.externaltools.gnu-tools-for-stm32.10.3-2021.10.win32_1.0.0.202111181127/tools/bin/../lib/gcc/arm-none-eabi/10.3.1/../../../../arm-none-eabi/lib/thumb/v7e-m+fp/hard\libc_nano.a(lib_a-exit.o) (_global_impure_ptr)
c:/st/stm32cubeide_1.10.1/stm32cubeide/plugins/com.st.stm32cube.ide.mcu.externaltools.gnu-tools-for-stm32.10.3-2021.10.win32_1.0.0.202111181127/tools/bin/../lib/gcc/arm-none-eabi/10.3.1/../../../../arm-none-eabi/lib/thumb/v7e-m+fp/hard\libc_nano.a(lib_a-init.o)
                              c:/st/stm32cubeide_1.10.1/stm32cubeide/plugins/com.st.stm32cube.ide.mcu.externaltools.gnu-tools-for-stm32.10.3-2021.10.win32_1.0.0.202111181127/tools/bin/../lib/gcc/arm-none-eabi/10.3.1/../../../../arm-none-eabi/lib/thumb/v7e-m+fp/hard/crt0.o (__libc_init_array)
c:/st/stm32cubeide_1.10.1/stm32cubeide/plugins/com.st.stm32cube.ide.mcu.externaltools.gnu-tools-for-stm32.10.3-2021.10.win32_1.0.0.202111181127/tools/bin/../lib/gcc/arm-none-eabi/10.3.1/../../../../arm-none-eabi/lib/thumb/v7e-m+fp/hard\libc_nano.a(lib_a-memcpy-stub.o)
                              ./ThirdParty/FreeRTOS/queue.o (memcpy)
c:/st/stm32cubeide_1.10.1/stm32cubeide/plugins/com.st.stm32cube.ide.mcu.externaltools.gnu-tools-for-stm32.10.3-2021.10.win32_1.0.0.202111181127/tools/bin/../lib/gcc/arm-none-eabi/10.3.1/../../../../arm-none-eabi/lib/thumb/v7e-m+fp/hard\libc_nano.a(lib_a-memset.o)
                              c:/st/stm32cubeide_1.10.1/stm32cubeide/plugins/com.st.stm32cube.ide.mcu.externaltools.gnu-tools-for-stm32.10.3-2021.10.win32_1.0.0.202111181127/tools/bin/../lib/gcc/arm-none-eabi/10.3.1/../../../../arm-none-eabi/lib/thumb/v7e-m+fp/hard/crt0.o (memset)
c:/st/stm32cubeide_1.10.1/stm32cubeide/plugins/com.st.stm32cube.ide.mcu.externaltools.gnu-tools-for-stm32.10.3-2021.10.win32_1.0.0.202111181127/tools/bin/../lib/gcc/arm-none-eabi/10.3.1/../../../../arm-none-eabi/lib/thumb/v7e-m+fp/hard\libc_nano.a(lib_a-sprintf.o)
                              ./Src/handle_task.o (sprintf)
c:/st/stm32cubeide_1.10.1/stm32cubeide/plugins/com.st.stm32cube.ide.mcu.externaltools.gnu-tools-for-stm32.10.3-2021.10.win32_1.0.0.202111181127/tools/bin/../lib/gcc/arm-none-eabi/10.3.1/../../../../arm-none-eabi/lib/thumb/v7e-m+fp/hard\libc_nano.a(lib_a-strlen.o)
                              ./ThirdParty/FreeRTOS/tasks.o (strlen)
c:/st/stm32cubeide_1.10.1/stm32cubeide/plugins/com.st.stm32cube.ide.mcu.externaltools.gnu-tools-for-stm32.10.3-2021.10.win32_1.0.0.202111181127/tools/bin/../lib/gcc/arm-none-eabi/10.3.1/../../../../arm-none-eabi/lib/thumb/v7e-m+fp/hard\libc_nano.a(lib_a-nano-svfprintf.o)
                              c:/st/stm32cubeide_1.10.1/stm32cubeide/plugins/com.st.stm32cube.ide.mcu.externaltools.gnu-tools-for-stm32.10.3-2021.10.win32_1.0.0.202111181127/tools/bin/../lib/gcc/arm-none-eabi/10.3.1/../../../../arm-none-eabi/lib/thumb/v7e-m+fp/hard\libc_nano.a(lib_a-sprintf.o) (_svfprintf_r)
c:/st/stm32cubeide_1.10.1/stm32cubeide/plugins/com.st.stm32cube.ide.mcu.externaltools.gnu-tools-for-stm32.10.3-2021.10.win32_1.0.0.202111181127/tools/bin/../lib/gcc/arm-none-eabi/10.3.1/../../../../arm-none-eabi/lib/thumb/v7e-m+fp/hard\libc_nano.a(lib_a-nano-vfprintf_i.o)
                              c:/st/stm32cubeide_1.10.1/stm32cubeide/plugins/com.st.stm32cube.ide.mcu.externaltools.gnu-tools-for-stm32.10.3-2021.10.win32_1.0.0.202111181127/tools/bin/../lib/gcc/arm-none-eabi/10.3.1/../../../../arm-none-eabi/lib/thumb/v7e-m+fp/hard\libc_nano.a(lib_a-nano-svfprintf.o) (_printf_i)
[...]
Memory Configuration

Name             Origin             Length             Attributes
RAM              0x0000000020000000 0x0000000000020000 xrw
FLASH            0x0000000008000000 0x0000000000080000 xr
*default*        0x0000000000000000 0xffffffffffffffff

Linker script and memory map

LOAD c:/st/stm32cubeide_1.10.1/stm32cubeide/plugins/com.st.stm32cube.ide.mcu.externaltools.gnu-tools-for-stm32.10.3-2021.10.win32_1.0.0.202111181127/tools/bin/../lib/gcc/arm-none-eabi/10.3.1/thumb/v7e-m+fp/hard/crti.o
LOAD c:/st/stm32cubeide_1.10.1/stm32cubeide/plugins/com.st.stm32cube.ide.mcu.externaltools.gnu-tools-for-stm32.10.3-2021.10.win32_1.0.0.202111181127/tools/bin/../lib/gcc/arm-none-eabi/10.3.1/thumb/v7e-m+fp/hard/crtbegin.o
LOAD c:/st/stm32cubeide_1.10.1/stm32cubeide/plugins/com.st.stm32cube.ide.mcu.externaltools.gnu-tools-for-stm32.10.3-2021.10.win32_1.0.0.202111181127/tools/bin/../lib/gcc/arm-none-eabi/10.3.1/../../../../arm-none-eabi/lib/thumb/v7e-m+fp/hard/crt0.o
LOAD ./Drivers/STM32F4xx_HAL_Driver/Src/stm32f4xx_hal.o
LOAD ./Drivers/STM32F4xx_HAL_Driver/Src/stm32f4xx_hal_cortex.o
LOAD ./Drivers/STM32F4xx_HAL_Driver/Src/stm32f4xx_hal_dma.o
LOAD ./Drivers/STM32F4xx_HAL_Driver/Src/stm32f4xx_hal_dma_ex.o
LOAD ./Drivers/STM32F4xx_HAL_Driver/Src/stm32f4xx_hal_exti.o
LOAD ./Drivers/STM32F4xx_HAL_Driver/Src/stm32f4xx_hal_flash.o
LOAD ./Drivers/STM32F4xx_HAL_Driver/Src/stm32f4xx_hal_flash_ex.o
LOAD ./Drivers/STM32F4xx_HAL_Driver/Src/stm32f4xx_hal_flash_ramfunc.o
LOAD ./Drivers/STM32F4xx_HAL_Driver/Src/stm32f4xx_hal_gpio.o
LOAD ./Drivers/STM32F4xx_HAL_Driver/Src/stm32f4xx_hal_pwr.o
LOAD ./Drivers/STM32F4xx_HAL_Driver/Src/stm32f4xx_hal_pwr_ex.o
LOAD ./Drivers/STM32F4xx_HAL_Driver/Src/stm32f4xx_hal_rcc.o
LOAD ./Drivers/STM32F4xx_HAL_Driver/Src/stm32f4xx_hal_rcc_ex.o
LOAD ./Drivers/STM32F4xx_HAL_Driver/Src/stm32f4xx_hal_tim.o
LOAD ./Drivers/STM32F4xx_HAL_Driver/Src/stm32f4xx_hal_tim_ex.o
LOAD ./Drivers/STM32F4xx_HAL_Driver/Src/stm32f4xx_hal_uart.o
LOAD ./Src/handle_task.o
LOAD ./Src/main.o
LOAD ./Src/stm32f4xx_hal_msp.o
LOAD ./Src/stm32f4xx_hal_timebase_tim.o
LOAD ./Src/stm32f4xx_it.o
LOAD ./Src/syscalls.o
LOAD ./Src/system_stm32f4xx.o
LOAD ./Startup/startup_stm32f411vetx.o
LOAD ./ThirdParty/FreeRTOS/croutine.o
LOAD ./ThirdParty/FreeRTOS/event_groups.o
LOAD ./ThirdParty/FreeRTOS/list.o
LOAD ./ThirdParty/FreeRTOS/queue.o
LOAD ./ThirdParty/FreeRTOS/stream_buffer.o
LOAD ./ThirdParty/FreeRTOS/tasks.o
LOAD ./ThirdParty/FreeRTOS/timers.o
LOAD ./ThirdParty/FreeRTOS/portable/GCC/ARM_CM4F/port.o
LOAD ./ThirdParty/FreeRTOS/portable/MemMang/heap_4.o
START GROUP
LOAD c:/st/stm32cubeide_1.10.1/stm32cubeide/plugins/com.st.stm32cube.ide.mcu.externaltools.gnu-tools-for-stm32.10.3-2021.10.win32_1.0.0.202111181127/tools/bin/../lib/gcc/arm-none-eabi/10.3.1/../../../../arm-none-eabi/lib/thumb/v7e-m+fp/hard\libc_nano.a
LOAD c:/st/stm32cubeide_1.10.1/stm32cubeide/plugins/com.st.stm32cube.ide.mcu.externaltools.gnu-tools-for-stm32.10.3-2021.10.win32_1.0.0.202111181127/tools/bin/../lib/gcc/arm-none-eabi/10.3.1/../../../../arm-none-eabi/lib/thumb/v7e-m+fp/hard\libm.a
END GROUP
START GROUP
LOAD c:/st/stm32cubeide_1.10.1/stm32cubeide/plugins/com.st.stm32cube.ide.mcu.externaltools.gnu-tools-for-stm32.10.3-2021.10.win32_1.0.0.202111181127/tools/bin/../lib/gcc/arm-none-eabi/10.3.1/thumb/v7e-m+fp/hard\libgcc.a
LOAD c:/st/stm32cubeide_1.10.1/stm32cubeide/plugins/com.st.stm32cube.ide.mcu.externaltools.gnu-tools-for-stm32.10.3-2021.10.win32_1.0.0.202111181127/tools/bin/../lib/gcc/arm-none-eabi/10.3.1/../../../../arm-none-eabi/lib/thumb/v7e-m+fp/hard\libc_nano.a
END GROUP
START GROUP
LOAD c:/st/stm32cubeide_1.10.1/stm32cubeide/plugins/com.st.stm32cube.ide.mcu.externaltools.gnu-tools-for-stm32.10.3-2021.10.win32_1.0.0.202111181127/tools/bin/../lib/gcc/arm-none-eabi/10.3.1/thumb/v7e-m+fp/hard\libgcc.a
LOAD c:/st/stm32cubeide_1.10.1/stm32cubeide/plugins/com.st.stm32cube.ide.mcu.externaltools.gnu-tools-for-stm32.10.3-2021.10.win32_1.0.0.202111181127/tools/bin/../lib/gcc/arm-none-eabi/10.3.1/../../../../arm-none-eabi/lib/thumb/v7e-m+fp/hard\libc_nano.a
LOAD c:/st/stm32cubeide_1.10.1/stm32cubeide/plugins/com.st.stm32cube.ide.mcu.externaltools.gnu-tools-for-stm32.10.3-2021.10.win32_1.0.0.202111181127/tools/bin/../lib/gcc/arm-none-eabi/10.3.1/../../../../arm-none-eabi/lib/thumb/v7e-m+fp/hard\libnosys.a
END GROUP
START GROUP
LOAD c:/st/stm32cubeide_1.10.1/stm32cubeide/plugins/com.st.stm32cube.ide.mcu.externaltools.gnu-tools-for-stm32.10.3-2021.10.win32_1.0.0.202111181127/tools/bin/../lib/gcc/arm-none-eabi/10.3.1/thumb/v7e-m+fp/hard\libgcc.a
LOAD c:/st/stm32cubeide_1.10.1/stm32cubeide/plugins/com.st.stm32cube.ide.mcu.externaltools.gnu-tools-for-stm32.10.3-2021.10.win32_1.0.0.202111181127/tools/bin/../lib/gcc/arm-none-eabi/10.3.1/../../../../arm-none-eabi/lib/thumb/v7e-m+fp/hard\libc_nano.a
LOAD c:/st/stm32cubeide_1.10.1/stm32cubeide/plugins/com.st.stm32cube.ide.mcu.externaltools.gnu-tools-for-stm32.10.3-2021.10.win32_1.0.0.202111181127/tools/bin/../lib/gcc/arm-none-eabi/10.3.1/../../../../arm-none-eabi/lib/thumb/v7e-m+fp/hard\libnosys.a
END GROUP
LOAD c:/st/stm32cubeide_1.10.1/stm32cubeide/plugins/com.st.stm32cube.ide.mcu.externaltools.gnu-tools-for-stm32.10.3-2021.10.win32_1.0.0.202111181127/tools/bin/../lib/gcc/arm-none-eabi/10.3.1/thumb/v7e-m+fp/hard/crtend.o
LOAD c:/st/stm32cubeide_1.10.1/stm32cubeide/plugins/com.st.stm32cube.ide.mcu.externaltools.gnu-tools-for-stm32.10.3-2021.10.win32_1.0.0.202111181127/tools/bin/../lib/gcc/arm-none-eabi/10.3.1/thumb/v7e-m+fp/hard/crtn.o
                0x0000000020020000                _estack = 0x20020000
                0x0000000000000200                _Min_Heap_Size = 0x200
                0x0000000000000400                _Min_Stack_Size = 0x400

.isr_vector     0x0000000008000000      0x198
                0x0000000008000000                . = ALIGN (0x4)
 *(.isr_vector)
 .isr_vector    0x0000000008000000      0x198 ./Startup/startup_stm32f411vetx.o
                0x0000000008000000                g_pfnVectors
                0x0000000008000198                . = ALIGN (0x4)

.text           0x00000000080001a0     0x6640
                0x00000000080001a0                . = ALIGN (0x4)
 *(.text)
 .text          0x00000000080001a0       0x40 c:/st/stm32cubeide_1.10.1/stm32cubeide/plugins/com.st.stm32cube.ide.mcu.externaltools.gnu-tools-for-stm32.10.3-2021.10.win32_1.0.0.202111181127/tools/bin/../lib/gcc/arm-none-eabi/10.3.1/thumb/v7e-m+fp/hard/crtbegin.o
 .text          0x00000000080001e0       0xa0 c:/st/stm32cubeide_1.10.1/stm32cubeide/plugins/com.st.stm32cube.ide.mcu.externaltools.gnu-tools-for-stm32.10.3-2021.10.win32_1.0.0.202111181127/tools/bin/../lib/gcc/arm-none-eabi/10.3.1/../../../../arm-none-eabi/lib/thumb/v7e-m+fp/hard\libc_nano.a(lib_a-memchr.o)
                0x00000000080001e0                memchr
 .text          0x0000000008000280       0x30 c:/st/stm32cubeide_1.10.1/stm32cubeide/plugins/com.st.stm32cube.ide.mcu.externaltools.gnu-tools-for-stm32.10.3-2021.10.win32_1.0.0.202111181127/tools/bin/../lib/gcc/arm-none-eabi/10.3.1/thumb/v7e-m+fp/hard\libgcc.a(_aeabi_uldivmod.o)
                0x0000000008000280                __aeabi_uldivmod
 .text          0x00000000080002b0      0x2d0 c:/st/stm32cubeide_1.10.1/stm32cubeide/plugins/com.st.stm32cube.ide.mcu.externaltools.gnu-tools-for-stm32.10.3-2021.10.win32_1.0.0.202111181127/tools/bin/../lib/gcc/arm-none-eabi/10.3.1/thumb/v7e-m+fp/hard\libgcc.a(_udivmoddi4.o)
                0x00000000080002b0                __udivmoddi4
 .text          0x0000000008000580        0x4 c:/st/stm32cubeide_1.10.1/stm32cubeide/plugins/com.st.stm32cube.ide.mcu.externaltools.gnu-tools-for-stm32.10.3-2021.10.win32_1.0.0.202111181127/tools/bin/../lib/gcc/arm-none-eabi/10.3.1/thumb/v7e-m+fp/hard\libgcc.a(_dvmd_tls.o)
                0x0000000008000580                __aeabi_idiv0
                0x0000000008000580                __aeabi_ldiv0
 *(.text*)
 .text.HAL_Init
                0x0000000008000584       0x44 ./Drivers/STM32F4xx_HAL_Driver/Src/stm32f4xx_hal.o
                0x0000000008000584                HAL_Init
 .text.HAL_IncTick
                0x00000000080005c8       0x28 ./Drivers/STM32F4xx_HAL_Driver/Src/stm32f4xx_hal.o
                0x00000000080005c8                HAL_IncTick
 .text.HAL_GetTick
                0x00000000080005f0       0x18 ./Drivers/STM32F4xx_HAL_Driver/Src/stm32f4xx_hal.o
                0x00000000080005f0                HAL_GetTick
 .text.__NVIC_SetPriorityGrouping
                0x0000000008000608       0x48 ./Drivers/STM32F4xx_HAL_Driver/Src/stm32f4xx_hal_cortex.o
 .text.__NVIC_GetPriorityGrouping
                0x0000000008000650       0x1c ./Drivers/STM32F4xx_HAL_Driver/Src/stm32f4xx_hal_cortex.o
 .text.__NVIC_EnableIRQ
                0x000000000800066c       0x3c ./Drivers/STM32F4xx_HAL_Driver/Src/stm32f4xx_hal_cortex.o
 .text.__NVIC_SetPriority
                0x00000000080006a8       0x54 ./Drivers/STM32F4xx_HAL_Driver/Src/stm32f4xx_hal_cortex.o
 .text.NVIC_EncodePriority
                0x00000000080006fc       0x66 ./Drivers/STM32F4xx_HAL_Driver/Src/stm32f4xx_hal_cortex.o
 .text.HAL_NVIC_SetPriorityGrouping
                0x0000000008000762       0x16 ./Drivers/STM32F4xx_HAL_Driver/Src/stm32f4xx_hal_cortex.o
                0x0000000008000762                HAL_NVIC_SetPriorityGrouping
 .text.HAL_NVIC_SetPriority
                0x0000000008000778       0x38 ./Drivers/STM32F4xx_HAL_Driver/Src/stm32f4xx_hal_cortex.o
                0x0000000008000778                HAL_NVIC_SetPriority
 .text.HAL_NVIC_EnableIRQ
                0x00000000080007b0       0x1c ./Drivers/STM32F4xx_HAL_Driver/Src/stm32f4xx_hal_cortex.o
                0x00000000080007b0                HAL_NVIC_EnableIRQ
 .text.HAL_DMA_Abort_IT
                0x00000000080007cc       0x44 ./Drivers/STM32F4xx_HAL_Driver/Src/stm32f4xx_hal_dma.o
                0x00000000080007cc                HAL_DMA_Abort_IT
 .text.HAL_GPIO_Init
                0x0000000008000810      0x308 ./Drivers/STM32F4xx_HAL_Driver/Src/stm32f4xx_hal_gpio.o
                0x0000000008000810                HAL_GPIO_Init
 .text.HAL_GPIO_WritePin
                0x0000000008000b18       0x32 ./Drivers/STM32F4xx_HAL_Driver/Src/stm32f4xx_hal_gpio.o
                0x0000000008000b18                HAL_GPIO_WritePin
 .text.HAL_GPIO_TogglePin
                0x0000000008000b4a       0x36 ./Drivers/STM32F4xx_HAL_Driver/Src/stm32f4xx_hal_gpio.o
                0x0000000008000b4a                HAL_GPIO_TogglePin
 .text.HAL_RCC_OscConfig
                0x0000000008000b80      0x4dc ./Drivers/STM32F4xx_HAL_Driver/Src/stm32f4xx_hal_rcc.o
                0x0000000008000b80                HAL_RCC_OscConfig
 .text.HAL_RCC_ClockConfig
                0x000000000800105c      0x1cc ./Drivers/STM32F4xx_HAL_Driver/Src/stm32f4xx_hal_rcc.o
                0x000000000800105c                HAL_RCC_ClockConfig
 .text.HAL_RCC_GetSysClockFreq
                0x0000000008001228      0x18c ./Drivers/STM32F4xx_HAL_Driver/Src/stm32f4xx_hal_rcc.o
                0x0000000008001228                HAL_RCC_GetSysClockFreq
 .text.HAL_RCC_GetHCLKFreq
                0x00000000080013b4       0x18 ./Drivers/STM32F4xx_HAL_Driver/Src/stm32f4xx_hal_rcc.o
                0x00000000080013b4                HAL_RCC_GetHCLKFreq
 .text.HAL_RCC_GetPCLK1Freq
                0x00000000080013cc       0x28 ./Drivers/STM32F4xx_HAL_Driver/Src/stm32f4xx_hal_rcc.o
                0x00000000080013cc                HAL_RCC_GetPCLK1Freq
 .text.HAL_RCC_GetPCLK2Freq
                0x00000000080013f4       0x28 ./Drivers/STM32F4xx_HAL_Driver/Src/stm32f4xx_hal_rcc.o
                0x00000000080013f4                HAL_RCC_GetPCLK2Freq
 .text.HAL_RCC_GetClockConfig
                0x000000000800141c       0x64 ./Drivers/STM32F4xx_HAL_Driver/Src/stm32f4xx_hal_rcc.o
                0x000000000800141c                HAL_RCC_GetClockConfig
 .text.HAL_TIM_Base_Init
                0x0000000008001480       0x56 ./Drivers/STM32F4xx_HAL_Driver/Src/stm32f4xx_hal_tim.o
                0x0000000008001480                HAL_TIM_Base_Init
 .text.HAL_TIM_Base_MspInit
                0x00000000080014d6       0x14 ./Drivers/STM32F4xx_HAL_Driver/Src/stm32f4xx_hal_tim.o
                0x00000000080014d6                HAL_TIM_Base_MspInit
 .text.HAL_TIM_Base_Start_IT
                0x00000000080014ea       0x48 ./Drivers/STM32F4xx_HAL_Driver/Src/stm32f4xx_hal_tim.o
                0x00000000080014ea                HAL_TIM_Base_Start_IT
 .text.HAL_TIM_IRQHandler
                0x0000000008001532      0x210 ./Drivers/STM32F4xx_HAL_Driver/Src/stm32f4xx_hal_tim.o
                0x0000000008001532                HAL_TIM_IRQHandler
 .text.HAL_TIM_OC_DelayElapsedCallback
                0x0000000008001742       0x14 ./Drivers/STM32F4xx_HAL_Driver/Src/stm32f4xx_hal_tim.o
                0x0000000008001742                HAL_TIM_OC_DelayElapsedCallback
 .text.HAL_TIM_IC_CaptureCallback
                0x0000000008001756       0x14 ./Drivers/STM32F4xx_HAL_Driver/Src/stm32f4xx_hal_tim.o
                0x0000000008001756                HAL_TIM_IC_CaptureCallback
 .text.HAL_TIM_PWM_PulseFinishedCallback
                0x000000000800176a       0x14 ./Drivers/STM32F4xx_HAL_Driver/Src/stm32f4xx_hal_tim.o
                0x000000000800176a                HAL_TIM_PWM_PulseFinishedCallback
 .text.HAL_TIM_TriggerCallback
                0x000000000800177e       0x14 ./Drivers/STM32F4xx_HAL_Driver/Src/stm32f4xx_hal_tim.o
                0x000000000800177e                HAL_TIM_TriggerCallback
 *fill*         0x0000000008001792        0x2 
 .text.TIM_Base_SetConfig
                0x0000000008001794      0x100 ./Drivers/STM32F4xx_HAL_Driver/Src/stm32f4xx_hal_tim.o
                0x0000000008001794                TIM_Base_SetConfig
 .text.HAL_TIMEx_CommutCallback
                0x0000000008001894       0x14 ./Drivers/STM32F4xx_HAL_Driver/Src/stm32f4xx_hal_tim_ex.o
                0x0000000008001894                HAL_TIMEx_CommutCallback
 .text.HAL_TIMEx_BreakCallback
                0x00000000080018a8       0x14 ./Drivers/STM32F4xx_HAL_Driver/Src/stm32f4xx_hal_tim_ex.o
                0x00000000080018a8                HAL_TIMEx_BreakCallback
 .text.HAL_UART_Init
                0x00000000080018bc       0x9a ./Drivers/STM32F4xx_HAL_Driver/Src/stm32f4xx_hal_uart.o
                0x00000000080018bc                HAL_UART_Init
 .text.HAL_UART_Transmit
                0x0000000008001956      0x132 ./Drivers/STM32F4xx_HAL_Driver/Src/stm32f4xx_hal_uart.o
                0x0000000008001956                HAL_UART_Transmit
 .text.HAL_UART_Receive_IT
                0x0000000008001a88       0xaa ./Drivers/STM32F4xx_HAL_Driver/Src/stm32f4xx_hal_uart.o
                0x0000000008001a88                HAL_UART_Receive_IT
 *fill*         0x0000000008001b32        0x2 
 .text.HAL_UART_IRQHandler
                0x0000000008001b34      0x200 ./Drivers/STM32F4xx_HAL_Driver/Src/stm32f4xx_hal_uart.o
                0x0000000008001b34                HAL_UART_IRQHandler
 .text.HAL_UART_TxCpltCallback
                0x0000000008001d34       0x14 ./Drivers/STM32F4xx_HAL_Driver/Src/stm32f4xx_hal_uart.o
                0x0000000008001d34                HAL_UART_TxCpltCallback
 .text.HAL_UART_ErrorCallback
                0x0000000008001d48       0x14 ./Drivers/STM32F4xx_HAL_Driver/Src/stm32f4xx_hal_uart.o
                0x0000000008001d48                HAL_UART_ErrorCallback
 .text.UART_WaitOnFlagUntilTimeout
                0x0000000008001d5c       0x94 ./Drivers/STM32F4xx_HAL_Driver/Src/stm32f4xx_hal_uart.o
 .text.UART_EndRxTransfer
                0x0000000008001df0       0x3c ./Drivers/STM32F4xx_HAL_Driver/Src/stm32f4xx_hal_uart.o
 .text.UART_DMAAbortOnError
                0x0000000008001e2c       0x28 ./Drivers/STM32F4xx_HAL_Driver/Src/stm32f4xx_hal_uart.o
 .text.UART_Transmit_IT
                0x0000000008001e54       0xac ./Drivers/STM32F4xx_HAL_Driver/Src/stm32f4xx_hal_uart.o
 .text.UART_EndTransmit_IT
                0x0000000008001f00       0x30 ./Drivers/STM32F4xx_HAL_Driver/Src/stm32f4xx_hal_uart.o
 .text.UART_Receive_IT
                0x0000000008001f30      0x102 ./Drivers/STM32F4xx_HAL_Driver/Src/stm32f4xx_hal_uart.o
 *fill*         0x0000000008002032        0x2 
 .text.UART_SetConfig
                0x0000000008002034      0x99c ./Drivers/STM32F4xx_HAL_Driver/Src/stm32f4xx_hal_uart.o
 .text.print_task
                0x00000000080029d0       0x9c ./Src/handle_task.o
                0x00000000080029d0                print_task
 .text.led_task
                0x0000000008002a6c       0x4c ./Src/handle_task.o
                0x0000000008002a6c                led_task
 .text.main     0x0000000008002ab8      0x108 ./Src/main.o
                0x0000000008002ab8                main
 .text.SystemClock_Config
                0x0000000008002bc0       0xbc ./Src/main.o
                0x0000000008002bc0                SystemClock_Config
 .text.MX_USART1_UART_Init
                0x0000000008002c7c       0x54 ./Src/main.o
 .text.MX_USART2_UART_Init
                0x0000000008002cd0       0x54 ./Src/main.o
 .text.MX_USART6_UART_Init
                0x0000000008002d24       0x54 ./Src/main.o
 .text.MX_GPIO_Init
                0x0000000008002d78       0xa4 ./Src/main.o
 .text.HAL_UART_RxCpltCallback
                0x0000000008002e1c      0x104 ./Src/main.o
                0x0000000008002e1c                HAL_UART_RxCpltCallback
 .text.HAL_TIM_PeriodElapsedCallback
                0x0000000008002f20       0x24 ./Src/main.o
                0x0000000008002f20                HAL_TIM_PeriodElapsedCallback
 .text.Error_Handler
                0x0000000008002f44        0xe ./Src/main.o
                0x0000000008002f44                Error_Handler
 *fill*         0x0000000008002f52        0x2 
 .text.HAL_MspInit
                0x0000000008002f54       0x50 ./Src/stm32f4xx_hal_msp.o
                0x0000000008002f54                HAL_MspInit
 .text.HAL_UART_MspInit
                0x0000000008002fa4      0x184 ./Src/stm32f4xx_hal_msp.o
                0x0000000008002fa4                HAL_UART_MspInit
 .text.HAL_InitTick
                0x0000000008003128       0xb0 ./Src/stm32f4xx_hal_timebase_tim.o
                0x0000000008003128                HAL_InitTick
 .text.NMI_Handler
                0x00000000080031d8        0xe ./Src/stm32f4xx_it.o
                0x00000000080031d8                NMI_Handler
 .text.HardFault_Handler
                0x00000000080031e6        0x6 ./Src/stm32f4xx_it.o
                0x00000000080031e6                HardFault_Handler
 .text.MemManage_Handler
                0x00000000080031ec        0x6 ./Src/stm32f4xx_it.o
                0x00000000080031ec                MemManage_Handler
 .text.BusFault_Handler
                0x00000000080031f2        0x6 ./Src/stm32f4xx_it.o
                0x00000000080031f2                BusFault_Handler
 .text.UsageFault_Handler
                0x00000000080031f8        0x6 ./Src/stm32f4xx_it.o
                0x00000000080031f8                UsageFault_Handler
 .text.DebugMon_Handler
                0x00000000080031fe        0xe ./Src/stm32f4xx_it.o
                0x00000000080031fe                DebugMon_Handler
 .text.USART1_IRQHandler
                0x000000000800320c       0x14 ./Src/stm32f4xx_it.o
                0x000000000800320c                USART1_IRQHandler
 .text.TIM5_IRQHandler
                0x0000000008003220       0x14 ./Src/stm32f4xx_it.o
                0x0000000008003220                TIM5_IRQHandler
 .text.USART6_IRQHandler
                0x0000000008003234       0x14 ./Src/stm32f4xx_it.o
                0x0000000008003234                USART6_IRQHandler
 .text.SystemInit
                0x0000000008003248       0x2c ./Src/system_stm32f4xx.o
                0x0000000008003248                SystemInit
 .text.Reset_Handler
                0x0000000008003274       0x50 ./Startup/startup_stm32f411vetx.o
                0x0000000008003274                Reset_Handler
 .text.Default_Handler
                0x00000000080032c4        0x2 ./Startup/startup_stm32f411vetx.o
                0x00000000080032c4                RTC_Alarm_IRQHandler
                0x00000000080032c4                EXTI2_IRQHandler
                0x00000000080032c4                SPI4_IRQHandler
                0x00000000080032c4                TIM1_CC_IRQHandler
                0x00000000080032c4                DMA2_Stream5_IRQHandler
                0x00000000080032c4                DMA1_Stream5_IRQHandler
                0x00000000080032c4                PVD_IRQHandler
                0x00000000080032c4                SDIO_IRQHandler
                0x00000000080032c4                TAMP_STAMP_IRQHandler
                0x00000000080032c4                EXTI3_IRQHandler
                0x00000000080032c4                TIM1_UP_TIM10_IRQHandler
                0x00000000080032c4                I2C3_ER_IRQHandler
                0x00000000080032c4                EXTI0_IRQHandler
                0x00000000080032c4                I2C2_EV_IRQHandler
                0x00000000080032c4                DMA1_Stream2_IRQHandler
                0x00000000080032c4                FPU_IRQHandler
                0x00000000080032c4                DMA2_Stream2_IRQHandler
                0x00000000080032c4                SPI1_IRQHandler
                0x00000000080032c4                TIM1_BRK_TIM9_IRQHandler
                0x00000000080032c4                DMA2_Stream3_IRQHandler
                0x00000000080032c4                DMA2_Stream0_IRQHandler
                0x00000000080032c4                TIM4_IRQHandler
                0x00000000080032c4                I2C1_EV_IRQHandler
                0x00000000080032c4                DMA1_Stream6_IRQHandler
                0x00000000080032c4                DMA1_Stream1_IRQHandler
                0x00000000080032c4                TIM3_IRQHandler
                0x00000000080032c4                RCC_IRQHandler
                0x00000000080032c4                Default_Handler
                0x00000000080032c4                EXTI15_10_IRQHandler
                0x00000000080032c4                ADC_IRQHandler
                0x00000000080032c4                DMA1_Stream7_IRQHandler
                0x00000000080032c4                SPI5_IRQHandler
                0x00000000080032c4                DMA2_Stream7_IRQHandler
                0x00000000080032c4                I2C3_EV_IRQHandler
                0x00000000080032c4                EXTI9_5_IRQHandler
                0x00000000080032c4                RTC_WKUP_IRQHandler
                0x00000000080032c4                SPI2_IRQHandler
                0x00000000080032c4                DMA1_Stream0_IRQHandler
                0x00000000080032c4                EXTI4_IRQHandler
                0x00000000080032c4                WWDG_IRQHandler
                0x00000000080032c4                TIM2_IRQHandler
                0x00000000080032c4                OTG_FS_WKUP_IRQHandler
                0x00000000080032c4                TIM1_TRG_COM_TIM11_IRQHandler
                0x00000000080032c4                EXTI1_IRQHandler
                0x00000000080032c4                USART2_IRQHandler
                0x00000000080032c4                I2C2_ER_IRQHandler
                0x00000000080032c4                DMA2_Stream1_IRQHandler
                0x00000000080032c4                FLASH_IRQHandler
                0x00000000080032c4                DMA2_Stream4_IRQHandler
                0x00000000080032c4                OTG_FS_IRQHandler
                0x00000000080032c4                SPI3_IRQHandler
                0x00000000080032c4                DMA1_Stream4_IRQHandler
                0x00000000080032c4                I2C1_ER_IRQHandler
                0x00000000080032c4                DMA2_Stream6_IRQHandler
                0x00000000080032c4                DMA1_Stream3_IRQHandler
 .text.vListInitialise
                0x00000000080032c6       0x40 ./ThirdParty/FreeRTOS/list.o
                0x00000000080032c6                vListInitialise
 .text.vListInitialiseItem
                0x0000000008003306       0x1a ./ThirdParty/FreeRTOS/list.o
                0x0000000008003306                vListInitialiseItem
 .text.vListInsertEnd
                0x0000000008003320       0x48 ./ThirdParty/FreeRTOS/list.o
                0x0000000008003320                vListInsertEnd
 .text.vListInsert
                0x0000000008003368       0x72 ./ThirdParty/FreeRTOS/list.o
                0x0000000008003368                vListInsert
 .text.uxListRemove
                0x00000000080033da       0x54 ./ThirdParty/FreeRTOS/list.o
                0x00000000080033da                uxListRemove
 *fill*         0x000000000800342e        0x2 
 .text.xQueueGenericReset
                0x0000000008003430       0xd0 ./ThirdParty/FreeRTOS/queue.o
                0x0000000008003430                xQueueGenericReset
 .text.xQueueGenericCreate
                0x0000000008003500       0xbe ./ThirdParty/FreeRTOS/queue.o
                0x0000000008003500                xQueueGenericCreate
 .text.prvInitialiseNewQueue
                0x00000000080035be       0x46 ./ThirdParty/FreeRTOS/queue.o
 .text.xQueueGenericSend
                0x0000000008003604      0x1fc ./ThirdParty/FreeRTOS/queue.o
                0x0000000008003604                xQueueGenericSend
 .text.xQueueGenericSendFromISR
                0x0000000008003800      0x154 ./ThirdParty/FreeRTOS/queue.o
                0x0000000008003800                xQueueGenericSendFromISR
 .text.xQueueReceive
                0x0000000008003954      0x1c0 ./ThirdParty/FreeRTOS/queue.o
                0x0000000008003954                xQueueReceive
 .text.xQueueSemaphoreTake
                0x0000000008003b14      0x218 ./ThirdParty/FreeRTOS/queue.o
                0x0000000008003b14                xQueueSemaphoreTake
 .text.uxQueueSpacesAvailable
                0x0000000008003d2c       0x46 ./ThirdParty/FreeRTOS/queue.o
                0x0000000008003d2c                uxQueueSpacesAvailable
 .text.prvGetDisinheritPriorityAfterTimeout
                0x0000000008003d72       0x30 ./ThirdParty/FreeRTOS/queue.o
 .text.prvCopyDataToQueue
                0x0000000008003da2       0xd4 ./ThirdParty/FreeRTOS/queue.o
 .text.prvCopyDataFromQueue
                0x0000000008003e76       0x4c ./ThirdParty/FreeRTOS/queue.o
 .text.prvUnlockQueue
                0x0000000008003ec2       0xa4 ./ThirdParty/FreeRTOS/queue.o
 .text.prvIsQueueEmpty
                0x0000000008003f66       0x2c ./ThirdParty/FreeRTOS/queue.o
 .text.prvIsQueueFull
                0x0000000008003f92       0x30 ./ThirdParty/FreeRTOS/queue.o
 *fill*         0x0000000008003fc2        0x2 
 .text.vQueueAddToRegistry
                0x0000000008003fc4       0x54 ./ThirdParty/FreeRTOS/queue.o
                0x0000000008003fc4                vQueueAddToRegistry
 .text.vQueueWaitForMessageRestricted
                0x0000000008004018       0x68 ./ThirdParty/FreeRTOS/queue.o
                0x0000000008004018                vQueueWaitForMessageRestricted
 .text.xTaskCreate
                0x0000000008004080       0x82 ./ThirdParty/FreeRTOS/tasks.o
                0x0000000008004080                xTaskCreate
 .text.prvInitialiseNewTask
                0x0000000008004102      0x12c ./ThirdParty/FreeRTOS/tasks.o
 *fill*         0x000000000800422e        0x2 
 .text.prvAddNewTaskToReadyList
                0x0000000008004230       0xdc ./ThirdParty/FreeRTOS/tasks.o
 .text.vTaskDelay
                0x000000000800430c       0x68 ./ThirdParty/FreeRTOS/tasks.o
                0x000000000800430c                vTaskDelay
 .text.vTaskStartScheduler
                0x0000000008004374       0xa4 ./ThirdParty/FreeRTOS/tasks.o
                0x0000000008004374                vTaskStartScheduler
 .text.vTaskSuspendAll
                0x0000000008004418       0x1c ./ThirdParty/FreeRTOS/tasks.o
                0x0000000008004418                vTaskSuspendAll
 .text.xTaskResumeAll
                0x0000000008004434      0x138 ./ThirdParty/FreeRTOS/tasks.o
                0x0000000008004434                xTaskResumeAll
 .text.xTaskGetTickCount
                0x000000000800456c       0x20 ./ThirdParty/FreeRTOS/tasks.o
                0x000000000800456c                xTaskGetTickCount
 .text.xTaskIncrementTick
                0x000000000800458c      0x170 ./ThirdParty/FreeRTOS/tasks.o
                0x000000000800458c                xTaskIncrementTick
 .text.vTaskSwitchContext
                0x00000000080046fc       0xb8 ./ThirdParty/FreeRTOS/tasks.o
                0x00000000080046fc                vTaskSwitchContext
 .text.vTaskPlaceOnEventList
                0x00000000080047b4       0x48 ./ThirdParty/FreeRTOS/tasks.o
                0x00000000080047b4                vTaskPlaceOnEventList
 .text.vTaskPlaceOnEventListRestricted
                0x00000000080047fc       0x58 ./ThirdParty/FreeRTOS/tasks.o
                0x00000000080047fc                vTaskPlaceOnEventListRestricted
 .text.xTaskRemoveFromEventList
                0x0000000008004854       0xc4 ./ThirdParty/FreeRTOS/tasks.o
                0x0000000008004854                xTaskRemoveFromEventList
 .text.vTaskInternalSetTimeOutState
                0x0000000008004918       0x2c ./ThirdParty/FreeRTOS/tasks.o
                0x0000000008004918                vTaskInternalSetTimeOutState
 .text.xTaskCheckForTimeOut
                0x0000000008004944       0xcc ./ThirdParty/FreeRTOS/tasks.o
                0x0000000008004944                xTaskCheckForTimeOut
 .text.vTaskMissedYield
                0x0000000008004a10       0x18 ./ThirdParty/FreeRTOS/tasks.o
                0x0000000008004a10                vTaskMissedYield
 .text.prvIdleTask
                0x0000000008004a28       0x30 ./ThirdParty/FreeRTOS/tasks.o
 .text.prvInitialiseTaskLists
                0x0000000008004a58       0x80 ./ThirdParty/FreeRTOS/tasks.o
 .text.prvCheckTasksWaitingTermination
                0x0000000008004ad8       0x5c ./ThirdParty/FreeRTOS/tasks.o
 .text.prvDeleteTCB
                0x0000000008004b34       0x20 ./ThirdParty/FreeRTOS/tasks.o
 .text.prvResetNextTaskUnblockTime
                0x0000000008004b54       0x38 ./ThirdParty/FreeRTOS/tasks.o
 .text.xTaskGetSchedulerState
                0x0000000008004b8c       0x3c ./ThirdParty/FreeRTOS/tasks.o
                0x0000000008004b8c                xTaskGetSchedulerState
 .text.xTaskPriorityInherit
                0x0000000008004bc8       0xec ./ThirdParty/FreeRTOS/tasks.o
                0x0000000008004bc8                xTaskPriorityInherit
 .text.xTaskPriorityDisinherit
                0x0000000008004cb4       0xf4 ./ThirdParty/FreeRTOS/tasks.o
                0x0000000008004cb4                xTaskPriorityDisinherit
 .text.vTaskPriorityDisinheritAfterTimeout
                0x0000000008004da8      0x11c ./ThirdParty/FreeRTOS/tasks.o
                0x0000000008004da8                vTaskPriorityDisinheritAfterTimeout
 .text.pvTaskIncrementMutexHeldCount
                0x0000000008004ec4       0x28 ./ThirdParty/FreeRTOS/tasks.o
                0x0000000008004ec4                pvTaskIncrementMutexHeldCount
 .text.prvAddCurrentTaskToDelayedList
                0x0000000008004eec       0xcc ./ThirdParty/FreeRTOS/tasks.o
 .text.xTimerCreateTimerTask
                0x0000000008004fb8       0x64 ./ThirdParty/FreeRTOS/timers.o
                0x0000000008004fb8                xTimerCreateTimerTask
 .text.xTimerGenericCommand
                0x000000000800501c       0x9c ./ThirdParty/FreeRTOS/timers.o
                0x000000000800501c                xTimerGenericCommand
 .text.prvProcessExpiredTimer
                0x00000000080050b8       0x98 ./ThirdParty/FreeRTOS/timers.o
 .text.prvTimerTask
                0x0000000008005150       0x24 ./ThirdParty/FreeRTOS/timers.o
 .text.prvProcessTimerOrBlockTask
                0x0000000008005174       0x9c ./ThirdParty/FreeRTOS/timers.o
 .text.prvGetNextExpireTime
                0x0000000008005210       0x48 ./ThirdParty/FreeRTOS/timers.o
 .text.prvSampleTimeNow
                0x0000000008005258       0x40 ./ThirdParty/FreeRTOS/timers.o
 .text.prvInsertTimerInActiveList
                0x0000000008005298       0x84 ./ThirdParty/FreeRTOS/timers.o
 .text.prvProcessReceivedCommands
                0x000000000800531c      0x18c ./ThirdParty/FreeRTOS/timers.o
 .text.prvSwitchTimerLists
                0x00000000080054a8       0xc8 ./ThirdParty/FreeRTOS/timers.o
 .text.prvCheckForValidListAndQueue
                0x0000000008005570       0x6c ./ThirdParty/FreeRTOS/timers.o
 .text.pxPortInitialiseStack
                0x00000000080055dc       0x68 ./ThirdParty/FreeRTOS/portable/GCC/ARM_CM4F/port.o
                0x00000000080055dc                pxPortInitialiseStack
 .text.prvTaskExitError
                0x0000000008005644       0x58 ./ThirdParty/FreeRTOS/portable/GCC/ARM_CM4F/port.o
 *fill*         0x000000000800569c        0x4 
 .text.SVC_Handler
                0x00000000080056a0       0x28 ./ThirdParty/FreeRTOS/portable/GCC/ARM_CM4F/port.o
                0x00000000080056a0                SVC_Handler
 .text.prvPortStartFirstTask
                0x00000000080056c8       0x2c ./ThirdParty/FreeRTOS/portable/GCC/ARM_CM4F/port.o
 .text.xPortStartScheduler
                0x00000000080056f4      0x144 ./ThirdParty/FreeRTOS/portable/GCC/ARM_CM4F/port.o
                0x00000000080056f4                xPortStartScheduler
 .text.vPortEnterCritical
                0x0000000008005838       0x60 ./ThirdParty/FreeRTOS/portable/GCC/ARM_CM4F/port.o
                0x0000000008005838                vPortEnterCritical
 .text.vPortExitCritical
                0x0000000008005898       0x54 ./ThirdParty/FreeRTOS/portable/GCC/ARM_CM4F/port.o
                0x0000000008005898                vPortExitCritical
 *fill*         0x00000000080058ec        0x4 
 .text.PendSV_Handler
                0x00000000080058f0       0x68 ./ThirdParty/FreeRTOS/portable/GCC/ARM_CM4F/port.o
                0x00000000080058f0                PendSV_Handler
 .text.SysTick_Handler
                0x0000000008005958       0x44 ./ThirdParty/FreeRTOS/portable/GCC/ARM_CM4F/port.o
                0x0000000008005958                SysTick_Handler
 .text.vPortSetupTimerInterrupt
                0x000000000800599c       0x48 ./ThirdParty/FreeRTOS/portable/GCC/ARM_CM4F/port.o
                0x000000000800599c                vPortSetupTimerInterrupt
 .text.vPortEnableVFP
                0x00000000080059e4       0x18 ./ThirdParty/FreeRTOS/portable/GCC/ARM_CM4F/port.o
 .text.vPortValidateInterruptPriority
                0x00000000080059fc       0x80 ./ThirdParty/FreeRTOS/portable/GCC/ARM_CM4F/port.o
                0x00000000080059fc                vPortValidateInterruptPriority
 .text.pvPortMalloc
                0x0000000008005a7c      0x1c0 ./ThirdParty/FreeRTOS/portable/MemMang/heap_4.o
                0x0000000008005a7c                pvPortMalloc
 .text.vPortFree
                0x0000000008005c3c       0xc4 ./ThirdParty/FreeRTOS/portable/MemMang/heap_4.o
                0x0000000008005c3c                vPortFree
 .text.prvHeapInit
                0x0000000008005d00       0xc4 ./ThirdParty/FreeRTOS/portable/MemMang/heap_4.o
 .text.prvInsertBlockIntoFreeList
                0x0000000008005dc4       0xb4 ./ThirdParty/FreeRTOS/portable/MemMang/heap_4.o
 .text.__libc_init_array
                0x0000000008005e78       0x48 c:/st/stm32cubeide_1.10.1/stm32cubeide/plugins/com.st.stm32cube.ide.mcu.externaltools.gnu-tools-for-stm32.10.3-2021.10.win32_1.0.0.202111181127/tools/bin/../lib/gcc/arm-none-eabi/10.3.1/../../../../arm-none-eabi/lib/thumb/v7e-m+fp/hard\libc_nano.a(lib_a-init.o)
                0x0000000008005e78                __libc_init_array
 .text.memcpy   0x0000000008005ec0       0x1c c:/st/stm32cubeide_1.10.1/stm32cubeide/plugins/com.st.stm32cube.ide.mcu.externaltools.gnu-tools-for-stm32.10.3-2021.10.win32_1.0.0.202111181127/tools/bin/../lib/gcc/arm-none-eabi/10.3.1/../../../../arm-none-eabi/lib/thumb/v7e-m+fp/hard\libc_nano.a(lib_a-memcpy-stub.o)
                0x0000000008005ec0                memcpy
 .text.memset   0x0000000008005edc       0x10 c:/st/stm32cubeide_1.10.1/stm32cubeide/plugins/com.st.stm32cube.ide.mcu.externaltools.gnu-tools-for-stm32.10.3-2021.10.win32_1.0.0.202111181127/tools/bin/../lib/gcc/arm-none-eabi/10.3.1/../../../../arm-none-eabi/lib/thumb/v7e-m+fp/hard\libc_nano.a(lib_a-memset.o)
                0x0000000008005edc                memset
 .text.sprintf  0x0000000008005eec       0x40 c:/st/stm32cubeide_1.10.1/stm32cubeide/plugins/com.st.stm32cube.ide.mcu.externaltools.gnu-tools-for-stm32.10.3-2021.10.win32_1.0.0.202111181127/tools/bin/../lib/gcc/arm-none-eabi/10.3.1/../../../../arm-none-eabi/lib/thumb/v7e-m+fp/hard\libc_nano.a(lib_a-sprintf.o)
                0x0000000008005eec                siprintf
                0x0000000008005eec                sprintf
 .text.__ssputs_r
                0x0000000008005f2c       0xb6 c:/st/stm32cubeide_1.10.1/stm32cubeide/plugins/com.st.stm32cube.ide.mcu.externaltools.gnu-tools-for-stm32.10.3-2021.10.win32_1.0.0.202111181127/tools/bin/../lib/gcc/arm-none-eabi/10.3.1/../../../../arm-none-eabi/lib/thumb/v7e-m+fp/hard\libc_nano.a(lib_a-nano-svfprintf.o)
                0x0000000008005f2c                __ssputs_r
 *fill*         0x0000000008005fe2        0x2 
 .text._svfprintf_r
                0x0000000008005fe4      0x200 c:/st/stm32cubeide_1.10.1/stm32cubeide/plugins/com.st.stm32cube.ide.mcu.externaltools.gnu-tools-for-stm32.10.3-2021.10.win32_1.0.0.202111181127/tools/bin/../lib/gcc/arm-none-eabi/10.3.1/../../../../arm-none-eabi/lib/thumb/v7e-m+fp/hard\libc_nano.a(lib_a-nano-svfprintf.o)
                0x0000000008005fe4                _svfiprintf_r
                0x0000000008005fe4                _svfprintf_r
 .text._printf_common
                0x00000000080061e4       0xda c:/st/stm32cubeide_1.10.1/stm32cubeide/plugins/com.st.stm32cube.ide.mcu.externaltools.gnu-tools-for-stm32.10.3-2021.10.win32_1.0.0.202111181127/tools/bin/../lib/gcc/arm-none-eabi/10.3.1/../../../../arm-none-eabi/lib/thumb/v7e-m+fp/hard\libc_nano.a(lib_a-nano-vfprintf_i.o)
                0x00000000080061e4                _printf_common
 *fill*         0x00000000080062be        0x2 
 .text._printf_i
                0x00000000080062c0      0x24c c:/st/stm32cubeide_1.10.1/stm32cubeide/plugins/com.st.stm32cube.ide.mcu.externaltools.gnu-tools-for-stm32.10.3-2021.10.win32_1.0.0.202111181127/tools/bin/../lib/gcc/arm-none-eabi/10.3.1/../../../../arm-none-eabi/lib/thumb/v7e-m+fp/hard\libc_nano.a(lib_a-nano-vfprintf_i.o)
                0x00000000080062c0                _printf_i
 .text.memmove  0x000000000800650c       0x34 c:/st/stm32cubeide_1.10.1/stm32cubeide/plugins/com.st.stm32cube.ide.mcu.externaltools.gnu-tools-for-stm32.10.3-2021.10.win32_1.0.0.202111181127/tools/bin/../lib/gcc/arm-none-eabi/10.3.1/../../../../arm-none-eabi/lib/thumb/v7e-m+fp/hard\libc_nano.a(lib_a-memmove.o)
                0x000000000800650c                memmove
 .text._free_r  0x0000000008006540       0x98 c:/st/stm32cubeide_1.10.1/stm32cubeide/plugins/com.st.stm32cube.ide.mcu.externaltools.gnu-tools-for-stm32.10.3-2021.10.win32_1.0.0.202111181127/tools/bin/../lib/gcc/arm-none-eabi/10.3.1/../../../../arm-none-eabi/lib/thumb/v7e-m+fp/hard\libc_nano.a(lib_a-nano-freer.o)
                0x0000000008006540                _free_r
 .text.sbrk_aligned
                0x00000000080065d8       0x40 c:/st/stm32cubeide_1.10.1/stm32cubeide/plugins/com.st.stm32cube.ide.mcu.externaltools.gnu-tools-for-stm32.10.3-2021.10.win32_1.0.0.202111181127/tools/bin/../lib/gcc/arm-none-eabi/10.3.1/../../../../arm-none-eabi/lib/thumb/v7e-m+fp/hard\libc_nano.a(lib_a-nano-mallocr.o)
 .text._malloc_r
                0x0000000008006618       0xe8 c:/st/stm32cubeide_1.10.1/stm32cubeide/plugins/com.st.stm32cube.ide.mcu.externaltools.gnu-tools-for-stm32.10.3-2021.10.win32_1.0.0.202111181127/tools/bin/../lib/gcc/arm-none-eabi/10.3.1/../../../../arm-none-eabi/lib/thumb/v7e-m+fp/hard\libc_nano.a(lib_a-nano-mallocr.o)
                0x0000000008006618                _malloc_r
 .text._realloc_r
                0x0000000008006700       0x5e c:/st/stm32cubeide_1.10.1/stm32cubeide/plugins/com.st.stm32cube.ide.mcu.externaltools.gnu-tools-for-stm32.10.3-2021.10.win32_1.0.0.202111181127/tools/bin/../lib/gcc/arm-none-eabi/10.3.1/../../../../arm-none-eabi/lib/thumb/v7e-m+fp/hard\libc_nano.a(lib_a-nano-reallocr.o)
                0x0000000008006700                _realloc_r
 *fill*         0x000000000800675e        0x2 
 .text._sbrk_r  0x0000000008006760       0x20 c:/st/stm32cubeide_1.10.1/stm32cubeide/plugins/com.st.stm32cube.ide.mcu.externaltools.gnu-tools-for-stm32.10.3-2021.10.win32_1.0.0.202111181127/tools/bin/../lib/gcc/arm-none-eabi/10.3.1/../../../../arm-none-eabi/lib/thumb/v7e-m+fp/hard\libc_nano.a(lib_a-sbrkr.o)
                0x0000000008006760                _sbrk_r
 .text.__malloc_lock
                0x0000000008006780        0xc c:/st/stm32cubeide_1.10.1/stm32cubeide/plugins/com.st.stm32cube.ide.mcu.externaltools.gnu-tools-for-stm32.10.3-2021.10.win32_1.0.0.202111181127/tools/bin/../lib/gcc/arm-none-eabi/10.3.1/../../../../arm-none-eabi/lib/thumb/v7e-m+fp/hard\libc_nano.a(lib_a-mlock.o)
                0x0000000008006780                __malloc_lock
 .text.__malloc_unlock
                0x000000000800678c        0xc c:/st/stm32cubeide_1.10.1/stm32cubeide/plugins/com.st.stm32cube.ide.mcu.externaltools.gnu-tools-for-stm32.10.3-2021.10.win32_1.0.0.202111181127/tools/bin/../lib/gcc/arm-none-eabi/10.3.1/../../../../arm-none-eabi/lib/thumb/v7e-m+fp/hard\libc_nano.a(lib_a-mlock.o)
                0x000000000800678c                __malloc_unlock
 .text._malloc_usable_size_r
                0x0000000008006798       0x10 c:/st/stm32cubeide_1.10.1/stm32cubeide/plugins/com.st.stm32cube.ide.mcu.externaltools.gnu-tools-for-stm32.10.3-2021.10.win32_1.0.0.202111181127/tools/bin/../lib/gcc/arm-none-eabi/10.3.1/../../../../arm-none-eabi/lib/thumb/v7e-m+fp/hard\libc_nano.a(lib_a-nano-msizer.o)
                0x0000000008006798                _malloc_usable_size_r
 .text.__retarget_lock_acquire_recursive
                0x00000000080067a8        0x2 c:/st/stm32cubeide_1.10.1/stm32cubeide/plugins/com.st.stm32cube.ide.mcu.externaltools.gnu-tools-for-stm32.10.3-2021.10.win32_1.0.0.202111181127/tools/bin/../lib/gcc/arm-none-eabi/10.3.1/../../../../arm-none-eabi/lib/thumb/v7e-m+fp/hard\libc_nano.a(lib_a-lock.o)
                0x00000000080067a8                __retarget_lock_acquire_recursive
 .text.__retarget_lock_release_recursive
                0x00000000080067aa        0x2 c:/st/stm32cubeide_1.10.1/stm32cubeide/plugins/com.st.stm32cube.ide.mcu.externaltools.gnu-tools-for-stm32.10.3-2021.10.win32_1.0.0.202111181127/tools/bin/../lib/gcc/arm-none-eabi/10.3.1/../../../../arm-none-eabi/lib/thumb/v7e-m+fp/hard\libc_nano.a(lib_a-lock.o)
                0x00000000080067aa                __retarget_lock_release_recursive
 .text._sbrk    0x00000000080067ac       0x1c c:/st/stm32cubeide_1.10.1/stm32cubeide/plugins/com.st.stm32cube.ide.mcu.externaltools.gnu-tools-for-stm32.10.3-2021.10.win32_1.0.0.202111181127/tools/bin/../lib/gcc/arm-none-eabi/10.3.1/../../../../arm-none-eabi/lib/thumb/v7e-m+fp/hard\libnosys.a(sbrk.o)
                0x00000000080067ac                _sbrk
 *(.glue_7)
 .glue_7        0x00000000080067c8        0x0 linker stubs
 *(.glue_7t)
 .glue_7t       0x00000000080067c8        0x0 linker stubs
 *(.eh_frame)
 .eh_frame      0x00000000080067c8        0x0 c:/st/stm32cubeide_1.10.1/stm32cubeide/plugins/com.st.stm32cube.ide.mcu.externaltools.gnu-tools-for-stm32.10.3-2021.10.win32_1.0.0.202111181127/tools/bin/../lib/gcc/arm-none-eabi/10.3.1/thumb/v7e-m+fp/hard/crtbegin.o
 *(.init)
 .init          0x00000000080067c8        0x4 c:/st/stm32cubeide_1.10.1/stm32cubeide/plugins/com.st.stm32cube.ide.mcu.externaltools.gnu-tools-for-stm32.10.3-2021.10.win32_1.0.0.202111181127/tools/bin/../lib/gcc/arm-none-eabi/10.3.1/thumb/v7e-m+fp/hard/crti.o
                0x00000000080067c8                _init
 .init          0x00000000080067cc        0x8 c:/st/stm32cubeide_1.10.1/stm32cubeide/plugins/com.st.stm32cube.ide.mcu.externaltools.gnu-tools-for-stm32.10.3-2021.10.win32_1.0.0.202111181127/tools/bin/../lib/gcc/arm-none-eabi/10.3.1/thumb/v7e-m+fp/hard/crtn.o
 *(.fini)
 .fini          0x00000000080067d4        0x4 c:/st/stm32cubeide_1.10.1/stm32cubeide/plugins/com.st.stm32cube.ide.mcu.externaltools.gnu-tools-for-stm32.10.3-2021.10.win32_1.0.0.202111181127/tools/bin/../lib/gcc/arm-none-eabi/10.3.1/thumb/v7e-m+fp/hard/crti.o
                0x00000000080067d4                _fini
 .fini          0x00000000080067d8        0x8 c:/st/stm32cubeide_1.10.1/stm32cubeide/plugins/com.st.stm32cube.ide.mcu.externaltools.gnu-tools-for-stm32.10.3-2021.10.win32_1.0.0.202111181127/tools/bin/../lib/gcc/arm-none-eabi/10.3.1/thumb/v7e-m+fp/hard/crtn.o
                0x00000000080067e0                . = ALIGN (0x4)
                0x00000000080067e0                _etext = .

.vfp11_veneer   0x00000000080067e0        0x0
 .vfp11_veneer  0x00000000080067e0        0x0 linker stubs

.v4_bx          0x00000000080067e0        0x0
 .v4_bx         0x00000000080067e0        0x0 linker stubs

.iplt           0x00000000080067e0        0x0
 .iplt          0x00000000080067e0        0x0 c:/st/stm32cubeide_1.10.1/stm32cubeide/plugins/com.st.stm32cube.ide.mcu.externaltools.gnu-tools-for-stm32.10.3-2021.10.win32_1.0.0.202111181127/tools/bin/../lib/gcc/arm-none-eabi/10.3.1/thumb/v7e-m+fp/hard/crtbegin.o

.rodata         0x00000000080067e0       0x88
                0x00000000080067e0                . = ALIGN (0x4)
 *(.rodata)
 .rodata        0x00000000080067e0        0xa ./Src/handle_task.o
 *fill*         0x00000000080067ea        0x2 
 .rodata        0x00000000080067ec       0x15 ./Src/main.o
 *fill*         0x0000000008006801        0x3 
 .rodata        0x0000000008006804        0x5 ./ThirdParty/FreeRTOS/tasks.o
 *fill*         0x0000000008006809        0x3 
 .rodata        0x000000000800680c        0xd ./ThirdParty/FreeRTOS/timers.o
 *(.rodata*)
 *fill*         0x0000000008006819        0x3 
 .rodata.AHBPrescTable
                0x000000000800681c       0x10 ./Src/system_stm32f4xx.o
                0x000000000800681c                AHBPrescTable
 .rodata.APBPrescTable
                0x000000000800682c        0x8 ./Src/system_stm32f4xx.o
                0x000000000800682c                APBPrescTable
 .rodata._svfprintf_r.str1.1
                0x0000000008006834       0x11 c:/st/stm32cubeide_1.10.1/stm32cubeide/plugins/com.st.stm32cube.ide.mcu.externaltools.gnu-tools-for-stm32.10.3-2021.10.win32_1.0.0.202111181127/tools/bin/../lib/gcc/arm-none-eabi/10.3.1/../../../../arm-none-eabi/lib/thumb/v7e-m+fp/hard\libc_nano.a(lib_a-nano-svfprintf.o)
 .rodata._printf_i.str1.1
                0x0000000008006845       0x22 c:/st/stm32cubeide_1.10.1/stm32cubeide/plugins/com.st.stm32cube.ide.mcu.externaltools.gnu-tools-for-stm32.10.3-2021.10.win32_1.0.0.202111181127/tools/bin/../lib/gcc/arm-none-eabi/10.3.1/../../../../arm-none-eabi/lib/thumb/v7e-m+fp/hard\libc_nano.a(lib_a-nano-vfprintf_i.o)
                0x0000000008006868                . = ALIGN (0x4)
 *fill*         0x0000000008006867        0x1 

.ARM.extab      0x0000000008006868        0x0
                0x0000000008006868                . = ALIGN (0x4)
 *(.ARM.extab* .gnu.linkonce.armextab.*)
                0x0000000008006868                . = ALIGN (0x4)

.ARM            0x0000000008006868        0x8
                0x0000000008006868                . = ALIGN (0x4)
                0x0000000008006868                __exidx_start = .
 *(.ARM.exidx*)
 .ARM.exidx     0x0000000008006868        0x8 c:/st/stm32cubeide_1.10.1/stm32cubeide/plugins/com.st.stm32cube.ide.mcu.externaltools.gnu-tools-for-stm32.10.3-2021.10.win32_1.0.0.202111181127/tools/bin/../lib/gcc/arm-none-eabi/10.3.1/thumb/v7e-m+fp/hard\libgcc.a(_udivmoddi4.o)
                0x0000000008006870                __exidx_end = .
                0x0000000008006870                . = ALIGN (0x4)

.rel.dyn        0x0000000008006870        0x0
 .rel.iplt      0x0000000008006870        0x0 c:/st/stm32cubeide_1.10.1/stm32cubeide/plugins/com.st.stm32cube.ide.mcu.externaltools.gnu-tools-for-stm32.10.3-2021.10.win32_1.0.0.202111181127/tools/bin/../lib/gcc/arm-none-eabi/10.3.1/thumb/v7e-m+fp/hard/crtbegin.o

.preinit_array  0x0000000008006870        0x0
                0x0000000008006870                . = ALIGN (0x4)
                0x0000000008006870                PROVIDE (__preinit_array_start = .)
 *(.preinit_array*)
                0x0000000008006870                PROVIDE (__preinit_array_end = .)
                0x0000000008006870                . = ALIGN (0x4)

.init_array     0x0000000008006870        0x4
                0x0000000008006870                . = ALIGN (0x4)
                0x0000000008006870                PROVIDE (__init_array_start = .)
 *(SORT_BY_NAME(.init_array.*))
 *(.init_array*)
 .init_array    0x0000000008006870        0x4 c:/st/stm32cubeide_1.10.1/stm32cubeide/plugins/com.st.stm32cube.ide.mcu.externaltools.gnu-tools-for-stm32.10.3-2021.10.win32_1.0.0.202111181127/tools/bin/../lib/gcc/arm-none-eabi/10.3.1/thumb/v7e-m+fp/hard/crtbegin.o
                0x0000000008006874                PROVIDE (__init_array_end = .)
                0x0000000008006874                . = ALIGN (0x4)

.fini_array     0x0000000008006874        0x4
                0x0000000008006874                . = ALIGN (0x4)
                [!provide]                        PROVIDE (__fini_array_start = .)
 *(SORT_BY_NAME(.fini_array.*))
 *(.fini_array*)
 .fini_array    0x0000000008006874        0x4 c:/st/stm32cubeide_1.10.1/stm32cubeide/plugins/com.st.stm32cube.ide.mcu.externaltools.gnu-tools-for-stm32.10.3-2021.10.win32_1.0.0.202111181127/tools/bin/../lib/gcc/arm-none-eabi/10.3.1/thumb/v7e-m+fp/hard/crtbegin.o
                [!provide]                        PROVIDE (__fini_array_end = .)
                0x0000000008006878                . = ALIGN (0x4)
                0x0000000008006878                _sidata = LOADADDR (.data)

.data           0x0000000020000000       0x78 load address 0x0000000008006878
                0x0000000020000000                . = ALIGN (0x4)
                0x0000000020000000                _sdata = .
 *(.data)
 *(.data*)
 .data.uwTickPrio
                0x0000000020000000        0x4 ./Drivers/STM32F4xx_HAL_Driver/Src/stm32f4xx_hal.o
                0x0000000020000000                uwTickPrio
 .data.uwTickFreq
                0x0000000020000004        0x1 ./Drivers/STM32F4xx_HAL_Driver/Src/stm32f4xx_hal.o
                0x0000000020000004                uwTickFreq
 *fill*         0x0000000020000005        0x3 
 .data.SystemCoreClock
                0x0000000020000008        0x4 ./Src/system_stm32f4xx.o
                0x0000000020000008                SystemCoreClock
 .data.uxTopUsedPriority
                0x000000002000000c        0x4 ./ThirdParty/FreeRTOS/tasks.o
                0x000000002000000c                uxTopUsedPriority
 .data.uxCriticalNesting
                0x0000000020000010        0x4 ./ThirdParty/FreeRTOS/portable/GCC/ARM_CM4F/port.o
 .data._impure_ptr
                0x0000000020000014        0x4 c:/st/stm32cubeide_1.10.1/stm32cubeide/plugins/com.st.stm32cube.ide.mcu.externaltools.gnu-tools-for-stm32.10.3-2021.10.win32_1.0.0.202111181127/tools/bin/../lib/gcc/arm-none-eabi/10.3.1/../../../../arm-none-eabi/lib/thumb/v7e-m+fp/hard\libc_nano.a(lib_a-impure.o)
                0x0000000020000014                _impure_ptr
 .data.impure_data
                0x0000000020000018       0x60 c:/st/stm32cubeide_1.10.1/stm32cubeide/plugins/com.st.stm32cube.ide.mcu.externaltools.gnu-tools-for-stm32.10.3-2021.10.win32_1.0.0.202111181127/tools/bin/../lib/gcc/arm-none-eabi/10.3.1/../../../../arm-none-eabi/lib/thumb/v7e-m+fp/hard\libc_nano.a(lib_a-impure.o)
                0x0000000020000078                . = ALIGN (0x4)
                0x0000000020000078                _edata = .

.igot.plt       0x0000000020000078        0x0 load address 0x00000000080068f0
 .igot.plt      0x0000000020000078        0x0 c:/st/stm32cubeide_1.10.1/stm32cubeide/plugins/com.st.stm32cube.ide.mcu.externaltools.gnu-tools-for-stm32.10.3-2021.10.win32_1.0.0.202111181127/tools/bin/../lib/gcc/arm-none-eabi/10.3.1/thumb/v7e-m+fp/hard/crtbegin.o
                0x0000000020000078                . = ALIGN (0x4)

.bss            0x0000000020000078    0x12f5c load address 0x00000000080068f0
                0x0000000020000078                _sbss = .
                0x0000000020000078                __bss_start__ = _sbss
 *(.bss)
 .bss           0x0000000020000078       0x1c c:/st/stm32cubeide_1.10.1/stm32cubeide/plugins/com.st.stm32cube.ide.mcu.externaltools.gnu-tools-for-stm32.10.3-2021.10.win32_1.0.0.202111181127/tools/bin/../lib/gcc/arm-none-eabi/10.3.1/thumb/v7e-m+fp/hard/crtbegin.o
 *(.bss*)
 .bss.uwTick    0x0000000020000094        0x4 ./Drivers/STM32F4xx_HAL_Driver/Src/stm32f4xx_hal.o
                0x0000000020000094                uwTick
 .bss.huart1    0x0000000020000098       0x40 ./Src/main.o
                0x0000000020000098                huart1
 .bss.huart2    0x00000000200000d8       0x40 ./Src/main.o
                0x00000000200000d8                huart2
 .bss.huart6    0x0000000020000118       0x40 ./Src/main.o
                0x0000000020000118                huart6
 .bss.handle_print_task
                0x0000000020000158        0x4 ./Src/main.o
                0x0000000020000158                handle_print_task
 .bss.handle_led_task
                0x000000002000015c        0x4 ./Src/main.o
                0x000000002000015c                handle_led_task
 .bss.queue_print
                0x0000000020000160        0x4 ./Src/main.o
                0x0000000020000160                queue_print
 .bss.xSemaphore
                0x0000000020000164        0x4 ./Src/main.o
                0x0000000020000164                xSemaphore
 .bss.data1     0x0000000020000168       0x32 ./Src/main.o
                0x0000000020000168                data1
 *fill*         0x000000002000019a        0x2 
 .bss.data6     0x000000002000019c       0x32 ./Src/main.o
                0x000000002000019c                data6
 .bss.data_byte1
                0x00000000200001ce        0x1 ./Src/main.o
                0x00000000200001ce                data_byte1
 .bss.data_byte6
                0x00000000200001cf        0x1 ./Src/main.o
                0x00000000200001cf                data_byte6
 .bss.count_size6
                0x00000000200001d0        0x4 ./Src/main.o
                0x00000000200001d0                count_size6
 .bss.count_size1
                0x00000000200001d4        0x4 ./Src/main.o
                0x00000000200001d4                count_size1
 .bss.htim5     0x00000000200001d8       0x40 ./Src/stm32f4xx_hal_timebase_tim.o
                0x00000000200001d8                htim5
 .bss.xQueueRegistry
                0x0000000020000218       0x40 ./ThirdParty/FreeRTOS/queue.o
                0x0000000020000218                xQueueRegistry
 .bss.pxCurrentTCB
                0x0000000020000258        0x4 ./ThirdParty/FreeRTOS/tasks.o
                0x0000000020000258                pxCurrentTCB
 .bss.pxReadyTasksLists
                0x000000002000025c       0x64 ./ThirdParty/FreeRTOS/tasks.o
 .bss.xDelayedTaskList1
                0x00000000200002c0       0x14 ./ThirdParty/FreeRTOS/tasks.o
 .bss.xDelayedTaskList2
                0x00000000200002d4       0x14 ./ThirdParty/FreeRTOS/tasks.o
 .bss.pxDelayedTaskList
                0x00000000200002e8        0x4 ./ThirdParty/FreeRTOS/tasks.o
 .bss.pxOverflowDelayedTaskList
                0x00000000200002ec        0x4 ./ThirdParty/FreeRTOS/tasks.o
 .bss.xPendingReadyList
                0x00000000200002f0       0x14 ./ThirdParty/FreeRTOS/tasks.o
 .bss.xTasksWaitingTermination
                0x0000000020000304       0x14 ./ThirdParty/FreeRTOS/tasks.o
 .bss.uxDeletedTasksWaitingCleanUp
                0x0000000020000318        0x4 ./ThirdParty/FreeRTOS/tasks.o
 .bss.xSuspendedTaskList
                0x000000002000031c       0x14 ./ThirdParty/FreeRTOS/tasks.o
 .bss.uxCurrentNumberOfTasks
                0x0000000020000330        0x4 ./ThirdParty/FreeRTOS/tasks.o
 .bss.xTickCount
                0x0000000020000334        0x4 ./ThirdParty/FreeRTOS/tasks.o
 .bss.uxTopReadyPriority
                0x0000000020000338        0x4 ./ThirdParty/FreeRTOS/tasks.o
 .bss.xSchedulerRunning
                0x000000002000033c        0x4 ./ThirdParty/FreeRTOS/tasks.o
 .bss.xPendedTicks
                0x0000000020000340        0x4 ./ThirdParty/FreeRTOS/tasks.o
 .bss.xYieldPending
                0x0000000020000344        0x4 ./ThirdParty/FreeRTOS/tasks.o
 .bss.xNumOfOverflows
                0x0000000020000348        0x4 ./ThirdParty/FreeRTOS/tasks.o
 .bss.uxTaskNumber
                0x000000002000034c        0x4 ./ThirdParty/FreeRTOS/tasks.o
 .bss.xNextTaskUnblockTime
                0x0000000020000350        0x4 ./ThirdParty/FreeRTOS/tasks.o
 .bss.xIdleTaskHandle
                0x0000000020000354        0x4 ./ThirdParty/FreeRTOS/tasks.o
 .bss.uxSchedulerSuspended
                0x0000000020000358        0x4 ./ThirdParty/FreeRTOS/tasks.o
 .bss.xActiveTimerList1
                0x000000002000035c       0x14 ./ThirdParty/FreeRTOS/timers.o
 .bss.xActiveTimerList2
                0x0000000020000370       0x14 ./ThirdParty/FreeRTOS/timers.o
 .bss.pxCurrentTimerList
                0x0000000020000384        0x4 ./ThirdParty/FreeRTOS/timers.o
 .bss.pxOverflowTimerList
                0x0000000020000388        0x4 ./ThirdParty/FreeRTOS/timers.o
 .bss.xTimerQueue
                0x000000002000038c        0x4 ./ThirdParty/FreeRTOS/timers.o
 .bss.xTimerTaskHandle
                0x0000000020000390        0x4 ./ThirdParty/FreeRTOS/timers.o
 .bss.xLastTime.0
                0x0000000020000394        0x4 ./ThirdParty/FreeRTOS/timers.o
 .bss.ucMaxSysCallPriority
                0x0000000020000398        0x1 ./ThirdParty/FreeRTOS/portable/GCC/ARM_CM4F/port.o
 *fill*         0x0000000020000399        0x3 
 .bss.ulMaxPRIGROUPValue
                0x000000002000039c        0x4 ./ThirdParty/FreeRTOS/portable/GCC/ARM_CM4F/port.o
 .bss.ucHeap    0x00000000200003a0    0x12c00 ./ThirdParty/FreeRTOS/portable/MemMang/heap_4.o
 .bss.xStart    0x0000000020012fa0        0x8 ./ThirdParty/FreeRTOS/portable/MemMang/heap_4.o
 .bss.pxEnd     0x0000000020012fa8        0x4 ./ThirdParty/FreeRTOS/portable/MemMang/heap_4.o
 .bss.xFreeBytesRemaining
                0x0000000020012fac        0x4 ./ThirdParty/FreeRTOS/portable/MemMang/heap_4.o
 .bss.xMinimumEverFreeBytesRemaining
                0x0000000020012fb0        0x4 ./ThirdParty/FreeRTOS/portable/MemMang/heap_4.o
 .bss.xNumberOfSuccessfulAllocations
                0x0000000020012fb4        0x4 ./ThirdParty/FreeRTOS/portable/MemMang/heap_4.o
 .bss.xNumberOfSuccessfulFrees
                0x0000000020012fb8        0x4 ./ThirdParty/FreeRTOS/portable/MemMang/heap_4.o
 .bss.xBlockAllocatedBit
                0x0000000020012fbc        0x4 ./ThirdParty/FreeRTOS/portable/MemMang/heap_4.o
 .bss.__malloc_free_list
                0x0000000020012fc0        0x4 c:/st/stm32cubeide_1.10.1/stm32cubeide/plugins/com.st.stm32cube.ide.mcu.externaltools.gnu-tools-for-stm32.10.3-2021.10.win32_1.0.0.202111181127/tools/bin/../lib/gcc/arm-none-eabi/10.3.1/../../../../arm-none-eabi/lib/thumb/v7e-m+fp/hard\libc_nano.a(lib_a-nano-mallocr.o)
                0x0000000020012fc0                __malloc_free_list
 .bss.__malloc_sbrk_start
                0x0000000020012fc4        0x4 c:/st/stm32cubeide_1.10.1/stm32cubeide/plugins/com.st.stm32cube.ide.mcu.externaltools.gnu-tools-for-stm32.10.3-2021.10.win32_1.0.0.202111181127/tools/bin/../lib/gcc/arm-none-eabi/10.3.1/../../../../arm-none-eabi/lib/thumb/v7e-m+fp/hard\libc_nano.a(lib_a-nano-mallocr.o)
                0x0000000020012fc4                __malloc_sbrk_start
 .bss.errno     0x0000000020012fc8        0x4 c:/st/stm32cubeide_1.10.1/stm32cubeide/plugins/com.st.stm32cube.ide.mcu.externaltools.gnu-tools-for-stm32.10.3-2021.10.win32_1.0.0.202111181127/tools/bin/../lib/gcc/arm-none-eabi/10.3.1/../../../../arm-none-eabi/lib/thumb/v7e-m+fp/hard\libc_nano.a(lib_a-reent.o)
                0x0000000020012fc8                errno
 .bss.__lock___malloc_recursive_mutex
                0x0000000020012fcc        0x1 c:/st/stm32cubeide_1.10.1/stm32cubeide/plugins/com.st.stm32cube.ide.mcu.externaltools.gnu-tools-for-stm32.10.3-2021.10.win32_1.0.0.202111181127/tools/bin/../lib/gcc/arm-none-eabi/10.3.1/../../../../arm-none-eabi/lib/thumb/v7e-m+fp/hard\libc_nano.a(lib_a-lock.o)
                0x0000000020012fcc                __lock___malloc_recursive_mutex
 *fill*         0x0000000020012fcd        0x3 
 .bss.heap_end.0
                0x0000000020012fd0        0x4 c:/st/stm32cubeide_1.10.1/stm32cubeide/plugins/com.st.stm32cube.ide.mcu.externaltools.gnu-tools-for-stm32.10.3-2021.10.win32_1.0.0.202111181127/tools/bin/../lib/gcc/arm-none-eabi/10.3.1/../../../../arm-none-eabi/lib/thumb/v7e-m+fp/hard\libnosys.a(sbrk.o)
 *(COMMON)
                0x0000000020012fd4                . = ALIGN (0x4)
                0x0000000020012fd4                _ebss = .
                0x0000000020012fd4                __bss_end__ = _ebss

._user_heap_stack
                0x0000000020012fd4      0x604 load address 0x00000000080068f0
                0x0000000020012fd8                . = ALIGN (0x8)
 *fill*         0x0000000020012fd4        0x4 
                0x0000000020012fd8                PROVIDE (end = .)
                [!provide]                        PROVIDE (_end = .)
                0x00000000200131d8                . = (. + _Min_Heap_Size)
 *fill*         0x0000000020012fd8      0x200 
                0x00000000200135d8                . = (. + _Min_Stack_Size)
 *fill*         0x00000000200131d8      0x400 
                0x00000000200135d8                . = ALIGN (0x8)

/DISCARD/
 libc.a(*)
 libm.a(*)
 libgcc.a(*)

.ARM.attributes
                0x0000000000000000       0x30
 *(.ARM.attributes)
 .ARM.attributes
                0x0000000000000000       0x1e c:/st/stm32cubeide_1.10.1/stm32cubeide/plugins/com.st.stm32cube.ide.mcu.externaltools.gnu-tools-for-stm32.10.3-2021.10.win32_1.0.0.202111181127/tools/bin/../lib/gcc/arm-none-eabi/10.3.1/thumb/v7e-m+fp/hard/crti.o
 .ARM.attributes
                0x000000000000001e       0x34 c:/st/stm32cubeide_1.10.1/stm32cubeide/plugins/com.st.stm32cube.ide.mcu.externaltools.gnu-tools-for-stm32.10.3-2021.10.win32_1.0.0.202111181127/tools/bin/../lib/gcc/arm-none-eabi/10.3.1/thumb/v7e-m+fp/hard/crtbegin.o
 .ARM.attributes
                0x0000000000000052       0x34 ./Drivers/STM32F4xx_HAL_Driver/Src/stm32f4xx_hal.o
 .ARM.attributes
                0x0000000000000086       0x34 ./Drivers/STM32F4xx_HAL_Driver/Src/stm32f4xx_hal_cortex.o
 .ARM.attributes
                0x00000000000000ba       0x34 ./Drivers/STM32F4xx_HAL_Driver/Src/stm32f4xx_hal_dma.o
 .ARM.attributes
                0x00000000000000ee       0x34 ./Drivers/STM32F4xx_HAL_Driver/Src/stm32f4xx_hal_gpio.o
 .ARM.attributes
                0x0000000000000122       0x34 ./Drivers/STM32F4xx_HAL_Driver/Src/stm32f4xx_hal_rcc.o
 .ARM.attributes
                0x0000000000000156       0x34 ./Drivers/STM32F4xx_HAL_Driver/Src/stm32f4xx_hal_tim.o
 .ARM.attributes
                0x000000000000018a       0x34 ./Drivers/STM32F4xx_HAL_Driver/Src/stm32f4xx_hal_tim_ex.o
 .ARM.attributes
                0x00000000000001be       0x34 ./Drivers/STM32F4xx_HAL_Driver/Src/stm32f4xx_hal_uart.o
 .ARM.attributes
                0x00000000000001f2       0x34 ./Src/handle_task.o
 .ARM.attributes
                0x0000000000000226       0x34 ./Src/main.o
 .ARM.attributes
                0x000000000000025a       0x34 ./Src/stm32f4xx_hal_msp.o
 .ARM.attributes
                0x000000000000028e       0x34 ./Src/stm32f4xx_hal_timebase_tim.o
 .ARM.attributes
                0x00000000000002c2       0x34 ./Src/stm32f4xx_it.o
 .ARM.attributes
                0x00000000000002f6       0x34 ./Src/system_stm32f4xx.o
 .ARM.attributes
                0x000000000000032a       0x21 ./Startup/startup_stm32f411vetx.o
 .ARM.attributes
                0x000000000000034b       0x34 ./ThirdParty/FreeRTOS/list.o
 .ARM.attributes
                0x000000000000037f       0x34 ./ThirdParty/FreeRTOS/queue.o
 .ARM.attributes
                0x00000000000003b3       0x34 ./ThirdParty/FreeRTOS/tasks.o
 .ARM.attributes
                0x00000000000003e7       0x34 ./ThirdParty/FreeRTOS/timers.o
 .ARM.attributes
                0x000000000000041b       0x34 ./ThirdParty/FreeRTOS/portable/GCC/ARM_CM4F/port.o
 .ARM.attributes
                0x000000000000044f       0x34 ./ThirdParty/FreeRTOS/portable/MemMang/heap_4.o
 .ARM.attributes
                0x0000000000000483       0x34 c:/st/stm32cubeide_1.10.1/stm32cubeide/plugins/com.st.stm32cube.ide.mcu.externaltools.gnu-tools-for-stm32.10.3-2021.10.win32_1.0.0.202111181127/tools/bin/../lib/gcc/arm-none-eabi/10.3.1/../../../../arm-none-eabi/lib/thumb/v7e-m+fp/hard\libc_nano.a(lib_a-impure.o)
 .ARM.attributes
                0x00000000000004b7       0x34 c:/st/stm32cubeide_1.10.1/stm32cubeide/plugins/com.st.stm32cube.ide.mcu.externaltools.gnu-tools-for-stm32.10.3-2021.10.win32_1.0.0.202111181127/tools/bin/../lib/gcc/arm-none-eabi/10.3.1/../../../../arm-none-eabi/lib/thumb/v7e-m+fp/hard\libc_nano.a(lib_a-init.o)
 .ARM.attributes
                0x00000000000004eb       0x34 c:/st/stm32cubeide_1.10.1/stm32cubeide/plugins/com.st.stm32cube.ide.mcu.externaltools.gnu-tools-for-stm32.10.3-2021.10.win32_1.0.0.202111181127/tools/bin/../lib/gcc/arm-none-eabi/10.3.1/../../../../arm-none-eabi/lib/thumb/v7e-m+fp/hard\libc_nano.a(lib_a-memcpy-stub.o)
 .ARM.attributes
                0x000000000000051f       0x34 c:/st/stm32cubeide_1.10.1/stm32cubeide/plugins/com.st.stm32cube.ide.mcu.externaltools.gnu-tools-for-stm32.10.3-2021.10.win32_1.0.0.202111181127/tools/bin/../lib/gcc/arm-none-eabi/10.3.1/../../../../arm-none-eabi/lib/thumb/v7e-m+fp/hard\libc_nano.a(lib_a-memset.o)
 .ARM.attributes
                0x0000000000000553       0x34 c:/st/stm32cubeide_1.10.1/stm32cubeide/plugins/com.st.stm32cube.ide.mcu.externaltools.gnu-tools-for-stm32.10.3-2021.10.win32_1.0.0.202111181127/tools/bin/../lib/gcc/arm-none-eabi/10.3.1/../../../../arm-none-eabi/lib/thumb/v7e-m+fp/hard\libc_nano.a(lib_a-sprintf.o)
 .ARM.attributes
                0x0000000000000587       0x34 c:/st/stm32cubeide_1.10.1/stm32cubeide/plugins/com.st.stm32cube.ide.mcu.externaltools.gnu-tools-for-stm32.10.3-2021.10.win32_1.0.0.202111181127/tools/bin/../lib/gcc/arm-none-eabi/10.3.1/../../../../arm-none-eabi/lib/thumb/v7e-m+fp/hard\libc_nano.a(lib_a-nano-svfprintf.o)
 .ARM.attributes
                0x00000000000005bb       0x34 c:/st/stm32cubeide_1.10.1/stm32cubeide/plugins/com.st.stm32cube.ide.mcu.externaltools.gnu-tools-for-stm32.10.3-2021.10.win32_1.0.0.202111181127/tools/bin/../lib/gcc/arm-none-eabi/10.3.1/../../../../arm-none-eabi/lib/thumb/v7e-m+fp/hard\libc_nano.a(lib_a-nano-vfprintf_i.o)
 .ARM.attributes
                0x00000000000005ef       0x1c c:/st/stm32cubeide_1.10.1/stm32cubeide/plugins/com.st.stm32cube.ide.mcu.externaltools.gnu-tools-for-stm32.10.3-2021.10.win32_1.0.0.202111181127/tools/bin/../lib/gcc/arm-none-eabi/10.3.1/../../../../arm-none-eabi/lib/thumb/v7e-m+fp/hard\libc_nano.a(lib_a-memchr.o)
 .ARM.attributes
                0x000000000000060b       0x34 c:/st/stm32cubeide_1.10.1/stm32cubeide/plugins/com.st.stm32cube.ide.mcu.externaltools.gnu-tools-for-stm32.10.3-2021.10.win32_1.0.0.202111181127/tools/bin/../lib/gcc/arm-none-eabi/10.3.1/../../../../arm-none-eabi/lib/thumb/v7e-m+fp/hard\libc_nano.a(lib_a-memmove.o)
 .ARM.attributes
                0x000000000000063f       0x34 c:/st/stm32cubeide_1.10.1/stm32cubeide/plugins/com.st.stm32cube.ide.mcu.externaltools.gnu-tools-for-stm32.10.3-2021.10.win32_1.0.0.202111181127/tools/bin/../lib/gcc/arm-none-eabi/10.3.1/../../../../arm-none-eabi/lib/thumb/v7e-m+fp/hard\libc_nano.a(lib_a-nano-freer.o)
 .ARM.attributes
                0x0000000000000673       0x34 c:/st/stm32cubeide_1.10.1/stm32cubeide/plugins/com.st.stm32cube.ide.mcu.externaltools.gnu-tools-for-stm32.10.3-2021.10.win32_1.0.0.202111181127/tools/bin/../lib/gcc/arm-none-eabi/10.3.1/../../../../arm-none-eabi/lib/thumb/v7e-m+fp/hard\libc_nano.a(lib_a-nano-mallocr.o)
 .ARM.attributes
                0x00000000000006a7       0x34 c:/st/stm32cubeide_1.10.1/stm32cubeide/plugins/com.st.stm32cube.ide.mcu.externaltools.gnu-tools-for-stm32.10.3-2021.10.win32_1.0.0.202111181127/tools/bin/../lib/gcc/arm-none-eabi/10.3.1/../../../../arm-none-eabi/lib/thumb/v7e-m+fp/hard\libc_nano.a(lib_a-nano-reallocr.o)
 .ARM.attributes
                0x00000000000006db       0x34 c:/st/stm32cubeide_1.10.1/stm32cubeide/plugins/com.st.stm32cube.ide.mcu.externaltools.gnu-tools-for-stm32.10.3-2021.10.win32_1.0.0.202111181127/tools/bin/../lib/gcc/arm-none-eabi/10.3.1/../../../../arm-none-eabi/lib/thumb/v7e-m+fp/hard\libc_nano.a(lib_a-sbrkr.o)
 .ARM.attributes
                0x000000000000070f       0x34 c:/st/stm32cubeide_1.10.1/stm32cubeide/plugins/com.st.stm32cube.ide.mcu.externaltools.gnu-tools-for-stm32.10.3-2021.10.win32_1.0.0.202111181127/tools/bin/../lib/gcc/arm-none-eabi/10.3.1/../../../../arm-none-eabi/lib/thumb/v7e-m+fp/hard\libc_nano.a(lib_a-mlock.o)
 .ARM.attributes
                0x0000000000000743       0x34 c:/st/stm32cubeide_1.10.1/stm32cubeide/plugins/com.st.stm32cube.ide.mcu.externaltools.gnu-tools-for-stm32.10.3-2021.10.win32_1.0.0.202111181127/tools/bin/../lib/gcc/arm-none-eabi/10.3.1/../../../../arm-none-eabi/lib/thumb/v7e-m+fp/hard\libc_nano.a(lib_a-nano-msizer.o)
 .ARM.attributes
                0x0000000000000777       0x34 c:/st/stm32cubeide_1.10.1/stm32cubeide/plugins/com.st.stm32cube.ide.mcu.externaltools.gnu-tools-for-stm32.10.3-2021.10.win32_1.0.0.202111181127/tools/bin/../lib/gcc/arm-none-eabi/10.3.1/../../../../arm-none-eabi/lib/thumb/v7e-m+fp/hard\libc_nano.a(lib_a-reent.o)
 .ARM.attributes
                0x00000000000007ab       0x34 c:/st/stm32cubeide_1.10.1/stm32cubeide/plugins/com.st.stm32cube.ide.mcu.externaltools.gnu-tools-for-stm32.10.3-2021.10.win32_1.0.0.202111181127/tools/bin/../lib/gcc/arm-none-eabi/10.3.1/../../../../arm-none-eabi/lib/thumb/v7e-m+fp/hard\libc_nano.a(lib_a-lock.o)
 .ARM.attributes
                0x00000000000007df       0x1e c:/st/stm32cubeide_1.10.1/stm32cubeide/plugins/com.st.stm32cube.ide.mcu.externaltools.gnu-tools-for-stm32.10.3-2021.10.win32_1.0.0.202111181127/tools/bin/../lib/gcc/arm-none-eabi/10.3.1/thumb/v7e-m+fp/hard\libgcc.a(_aeabi_uldivmod.o)
 .ARM.attributes
                0x00000000000007fd       0x34 c:/st/stm32cubeide_1.10.1/stm32cubeide/plugins/com.st.stm32cube.ide.mcu.externaltools.gnu-tools-for-stm32.10.3-2021.10.win32_1.0.0.202111181127/tools/bin/../lib/gcc/arm-none-eabi/10.3.1/thumb/v7e-m+fp/hard\libgcc.a(_udivmoddi4.o)
 .ARM.attributes
                0x0000000000000831       0x1e c:/st/stm32cubeide_1.10.1/stm32cubeide/plugins/com.st.stm32cube.ide.mcu.externaltools.gnu-tools-for-stm32.10.3-2021.10.win32_1.0.0.202111181127/tools/bin/../lib/gcc/arm-none-eabi/10.3.1/thumb/v7e-m+fp/hard\libgcc.a(_dvmd_tls.o)
 .ARM.attributes
                0x000000000000084f       0x34 c:/st/stm32cubeide_1.10.1/stm32cubeide/plugins/com.st.stm32cube.ide.mcu.externaltools.gnu-tools-for-stm32.10.3-2021.10.win32_1.0.0.202111181127/tools/bin/../lib/gcc/arm-none-eabi/10.3.1/../../../../arm-none-eabi/lib/thumb/v7e-m+fp/hard\libnosys.a(sbrk.o)
 .ARM.attributes
                0x0000000000000883       0x1e c:/st/stm32cubeide_1.10.1/stm32cubeide/plugins/com.st.stm32cube.ide.mcu.externaltools.gnu-tools-for-stm32.10.3-2021.10.win32_1.0.0.202111181127/tools/bin/../lib/gcc/arm-none-eabi/10.3.1/thumb/v7e-m+fp/hard/crtn.o
OUTPUT(F4_QueueUart.elf elf32-littlearm)
LOAD linker stubs
LOAD c:/st/stm32cubeide_1.10.1/stm32cubeide/plugins/com.st.stm32cube.ide.mcu.externaltools.gnu-tools-for-stm32.10.3-2021.10.win32_1.0.0.202111181127/tools/bin/../lib/gcc/arm-none-eabi/10.3.1/../../../../arm-none-eabi/lib/thumb/v7e-m+fp/hard\libc.a
LOAD c:/st/stm32cubeide_1.10.1/stm32cubeide/plugins/com.st.stm32cube.ide.mcu.externaltools.gnu-tools-for-stm32.10.3-2021.10.win32_1.0.0.202111181127/tools/bin/../lib/gcc/arm-none-eabi/10.3.1/../../../../arm-none-eabi/lib/thumb/v7e-m+fp/hard\libm.a
LOAD c:/st/stm32cubeide_1.10.1/stm32cubeide/plugins/com.st.stm32cube.ide.mcu.externaltools.gnu-tools-for-stm32.10.3-2021.10.win32_1.0.0.202111181127/tools/bin/../lib/gcc/arm-none-eabi/10.3.1/thumb/v7e-m+fp/hard\libgcc.a

.debug_info     0x0000000000000000    0x1163a
 .debug_info    0x0000000000000000      0x912 ./Drivers/STM32F4xx_HAL_Driver/Src/stm32f4xx_hal.o
 .debug_info    0x0000000000000912      0xd8b ./Drivers/STM32F4xx_HAL_Driver/Src/stm32f4xx_hal_cortex.o
 .debug_info    0x000000000000169d      0x947 ./Drivers/STM32F4xx_HAL_Driver/Src/stm32f4xx_hal_dma.o
 .debug_info    0x0000000000001fe4      0x784 ./Drivers/STM32F4xx_HAL_Driver/Src/stm32f4xx_hal_gpio.o
 .debug_info    0x0000000000002768      0x992 ./Drivers/STM32F4xx_HAL_Driver/Src/stm32f4xx_hal_rcc.o
 .debug_info    0x00000000000030fa     0x2662 ./Drivers/STM32F4xx_HAL_Driver/Src/stm32f4xx_hal_tim.o
 .debug_info    0x000000000000575c     0x1282 ./Drivers/STM32F4xx_HAL_Driver/Src/stm32f4xx_hal_tim_ex.o
 .debug_info    0x00000000000069de     0x130c ./Drivers/STM32F4xx_HAL_Driver/Src/stm32f4xx_hal_uart.o
 .debug_info    0x0000000000007cea      0x8a4 ./Src/handle_task.o
 .debug_info    0x000000000000858e     0x1259 ./Src/main.o
 .debug_info    0x00000000000097e7      0xbc5 ./Src/stm32f4xx_hal_msp.o
 .debug_info    0x000000000000a3ac      0xb0e ./Src/stm32f4xx_hal_timebase_tim.o
 .debug_info    0x000000000000aeba      0x8ef ./Src/stm32f4xx_it.o
 .debug_info    0x000000000000b7a9      0x54f ./Src/system_stm32f4xx.o
 .debug_info    0x000000000000bcf8       0x22 ./Startup/startup_stm32f411vetx.o
 .debug_info    0x000000000000bd1a      0x2d1 ./ThirdParty/FreeRTOS/list.o
 .debug_info    0x000000000000bfeb     0x18ee ./ThirdParty/FreeRTOS/queue.o
 .debug_info    0x000000000000d8d9     0x23c8 ./ThirdParty/FreeRTOS/tasks.o
 .debug_info    0x000000000000fca1      0xedd ./ThirdParty/FreeRTOS/timers.o
 .debug_info    0x0000000000010b7e      0x5af ./ThirdParty/FreeRTOS/portable/GCC/ARM_CM4F/port.o
 .debug_info    0x000000000001112d      0x50d ./ThirdParty/FreeRTOS/portable/MemMang/heap_4.o

.debug_abbrev   0x0000000000000000     0x2d7c
 .debug_abbrev  0x0000000000000000      0x23e ./Drivers/STM32F4xx_HAL_Driver/Src/stm32f4xx_hal.o
 .debug_abbrev  0x000000000000023e      0x316 ./Drivers/STM32F4xx_HAL_Driver/Src/stm32f4xx_hal_cortex.o
 .debug_abbrev  0x0000000000000554      0x21b ./Drivers/STM32F4xx_HAL_Driver/Src/stm32f4xx_hal_dma.o
 .debug_abbrev  0x000000000000076f      0x1c4 ./Drivers/STM32F4xx_HAL_Driver/Src/stm32f4xx_hal_gpio.o
 .debug_abbrev  0x0000000000000933      0x2aa ./Drivers/STM32F4xx_HAL_Driver/Src/stm32f4xx_hal_rcc.o
 .debug_abbrev  0x0000000000000bdd      0x26e ./Drivers/STM32F4xx_HAL_Driver/Src/stm32f4xx_hal_tim.o
 .debug_abbrev  0x0000000000000e4b      0x25c ./Drivers/STM32F4xx_HAL_Driver/Src/stm32f4xx_hal_tim_ex.o
 .debug_abbrev  0x00000000000010a7      0x283 ./Drivers/STM32F4xx_HAL_Driver/Src/stm32f4xx_hal_uart.o
 .debug_abbrev  0x000000000000132a      0x203 ./Src/handle_task.o
 .debug_abbrev  0x000000000000152d      0x33c ./Src/main.o
 .debug_abbrev  0x0000000000001869      0x1b2 ./Src/stm32f4xx_hal_msp.o
 .debug_abbrev  0x0000000000001a1b      0x1e4 ./Src/stm32f4xx_hal_timebase_tim.o
 .debug_abbrev  0x0000000000001bff      0x182 ./Src/stm32f4xx_it.o
 .debug_abbrev  0x0000000000001d81      0x116 ./Src/system_stm32f4xx.o
 .debug_abbrev  0x0000000000001e97       0x12 ./Startup/startup_stm32f411vetx.o
 .debug_abbrev  0x0000000000001ea9       0xf2 ./ThirdParty/FreeRTOS/list.o
 .debug_abbrev  0x0000000000001f9b      0x312 ./ThirdParty/FreeRTOS/queue.o
 .debug_abbrev  0x00000000000022ad      0x38c ./ThirdParty/FreeRTOS/tasks.o
 .debug_abbrev  0x0000000000002639      0x2d8 ./ThirdParty/FreeRTOS/timers.o
 .debug_abbrev  0x0000000000002911      0x259 ./ThirdParty/FreeRTOS/portable/GCC/ARM_CM4F/port.o
 .debug_abbrev  0x0000000000002b6a      0x212 ./ThirdParty/FreeRTOS/portable/MemMang/heap_4.o

.debug_aranges  0x0000000000000000     0x1118
 .debug_aranges
                0x0000000000000000       0xf0 ./Drivers/STM32F4xx_HAL_Driver/Src/stm32f4xx_hal.o
 .debug_aranges
                0x00000000000000f0      0x118 ./Drivers/STM32F4xx_HAL_Driver/Src/stm32f4xx_hal_cortex.o
 .debug_aranges
                0x0000000000000208       0x90 ./Drivers/STM32F4xx_HAL_Driver/Src/stm32f4xx_hal_dma.o
 .debug_aranges
                0x0000000000000298       0x58 ./Drivers/STM32F4xx_HAL_Driver/Src/stm32f4xx_hal_gpio.o
 .debug_aranges
                0x00000000000002f0       0x88 ./Drivers/STM32F4xx_HAL_Driver/Src/stm32f4xx_hal_rcc.o
 .debug_aranges
                0x0000000000000378      0x3a8 ./Drivers/STM32F4xx_HAL_Driver/Src/stm32f4xx_hal_tim.o
 .debug_aranges
                0x0000000000000720      0x150 ./Drivers/STM32F4xx_HAL_Driver/Src/stm32f4xx_hal_tim_ex.o
 .debug_aranges
                0x0000000000000870      0x1d0 ./Drivers/STM32F4xx_HAL_Driver/Src/stm32f4xx_hal_uart.o
 .debug_aranges
                0x0000000000000a40       0x28 ./Src/handle_task.o
 .debug_aranges
                0x0000000000000a68       0x60 ./Src/main.o
 .debug_aranges
                0x0000000000000ac8       0x30 ./Src/stm32f4xx_hal_msp.o
 .debug_aranges
                0x0000000000000af8       0x30 ./Src/stm32f4xx_hal_timebase_tim.o
 .debug_aranges
                0x0000000000000b28       0x60 ./Src/stm32f4xx_it.o
 .debug_aranges
                0x0000000000000b88       0x28 ./Src/system_stm32f4xx.o
 .debug_aranges
                0x0000000000000bb0       0x28 ./Startup/startup_stm32f411vetx.o
 .debug_aranges
                0x0000000000000bd8       0x40 ./ThirdParty/FreeRTOS/list.o
 .debug_aranges
                0x0000000000000c18      0x130 ./ThirdParty/FreeRTOS/queue.o
 .debug_aranges
                0x0000000000000d48      0x218 ./ThirdParty/FreeRTOS/tasks.o
 .debug_aranges
                0x0000000000000f60       0xd8 ./ThirdParty/FreeRTOS/timers.o
 .debug_aranges
                0x0000000000001038       0x88 ./ThirdParty/FreeRTOS/portable/GCC/ARM_CM4F/port.o
 .debug_aranges
                0x00000000000010c0       0x58 ./ThirdParty/FreeRTOS/portable/MemMang/heap_4.o

.debug_ranges   0x0000000000000000      0xfd0
 .debug_ranges  0x0000000000000000       0xe0 ./Drivers/STM32F4xx_HAL_Driver/Src/stm32f4xx_hal.o
 .debug_ranges  0x00000000000000e0      0x108 ./Drivers/STM32F4xx_HAL_Driver/Src/stm32f4xx_hal_cortex.o
 .debug_ranges  0x00000000000001e8       0x80 ./Drivers/STM32F4xx_HAL_Driver/Src/stm32f4xx_hal_dma.o
 .debug_ranges  0x0000000000000268       0x48 ./Drivers/STM32F4xx_HAL_Driver/Src/stm32f4xx_hal_gpio.o
 .debug_ranges  0x00000000000002b0       0x78 ./Drivers/STM32F4xx_HAL_Driver/Src/stm32f4xx_hal_rcc.o
 .debug_ranges  0x0000000000000328      0x398 ./Drivers/STM32F4xx_HAL_Driver/Src/stm32f4xx_hal_tim.o
 .debug_ranges  0x00000000000006c0      0x140 ./Drivers/STM32F4xx_HAL_Driver/Src/stm32f4xx_hal_tim_ex.o
 .debug_ranges  0x0000000000000800      0x1c0 ./Drivers/STM32F4xx_HAL_Driver/Src/stm32f4xx_hal_uart.o
 .debug_ranges  0x00000000000009c0       0x18 ./Src/handle_task.o
 .debug_ranges  0x00000000000009d8       0x50 ./Src/main.o
 .debug_ranges  0x0000000000000a28       0x20 ./Src/stm32f4xx_hal_msp.o
 .debug_ranges  0x0000000000000a48       0x20 ./Src/stm32f4xx_hal_timebase_tim.o
 .debug_ranges  0x0000000000000a68       0x50 ./Src/stm32f4xx_it.o
 .debug_ranges  0x0000000000000ab8       0x18 ./Src/system_stm32f4xx.o
 .debug_ranges  0x0000000000000ad0       0x20 ./Startup/startup_stm32f411vetx.o
 .debug_ranges  0x0000000000000af0       0x30 ./ThirdParty/FreeRTOS/list.o
 .debug_ranges  0x0000000000000b20      0x120 ./ThirdParty/FreeRTOS/queue.o
 .debug_ranges  0x0000000000000c40      0x208 ./ThirdParty/FreeRTOS/tasks.o
 .debug_ranges  0x0000000000000e48       0xc8 ./ThirdParty/FreeRTOS/timers.o
 .debug_ranges  0x0000000000000f10       0x78 ./ThirdParty/FreeRTOS/portable/GCC/ARM_CM4F/port.o
 .debug_ranges  0x0000000000000f88       0x48 ./ThirdParty/FreeRTOS/portable/MemMang/heap_4.o

.debug_macro    0x0000000000000000    0x183c7
 .debug_macro   0x0000000000000000      0x22e ./Drivers/STM32F4xx_HAL_Driver/Src/stm32f4xx_hal.o
 .debug_macro   0x000000000000022e      0xa78 ./Drivers/STM32F4xx_HAL_Driver/Src/stm32f4xx_hal.o
 .debug_macro   0x0000000000000ca6      0x18a ./Drivers/STM32F4xx_HAL_Driver/Src/stm32f4xx_hal.o
 .debug_macro   0x0000000000000e30       0x32 ./Drivers/STM32F4xx_HAL_Driver/Src/stm32f4xx_hal.o
 .debug_macro   0x0000000000000e62       0x28 ./Drivers/STM32F4xx_HAL_Driver/Src/stm32f4xx_hal.o
 .debug_macro   0x0000000000000e8a       0x22 ./Drivers/STM32F4xx_HAL_Driver/Src/stm32f4xx_hal.o
 .debug_macro   0x0000000000000eac       0x8e ./Drivers/STM32F4xx_HAL_Driver/Src/stm32f4xx_hal.o
 .debug_macro   0x0000000000000f3a       0x51 ./Drivers/STM32F4xx_HAL_Driver/Src/stm32f4xx_hal.o
 .debug_macro   0x0000000000000f8b      0x103 ./Drivers/STM32F4xx_HAL_Driver/Src/stm32f4xx_hal.o
 .debug_macro   0x000000000000108e       0x6a ./Drivers/STM32F4xx_HAL_Driver/Src/stm32f4xx_hal.o
 .debug_macro   0x00000000000010f8      0x1df ./Drivers/STM32F4xx_HAL_Driver/Src/stm32f4xx_hal.o
 .debug_macro   0x00000000000012d7       0x1c ./Drivers/STM32F4xx_HAL_Driver/Src/stm32f4xx_hal.o
 .debug_macro   0x00000000000012f3       0x22 ./Drivers/STM32F4xx_HAL_Driver/Src/stm32f4xx_hal.o
 .debug_macro   0x0000000000001315       0xd9 ./Drivers/STM32F4xx_HAL_Driver/Src/stm32f4xx_hal.o
 .debug_macro   0x00000000000013ee     0x102d ./Drivers/STM32F4xx_HAL_Driver/Src/stm32f4xx_hal.o
 .debug_macro   0x000000000000241b      0x11f ./Drivers/STM32F4xx_HAL_Driver/Src/stm32f4xx_hal.o
 .debug_macro   0x000000000000253a     0xb937 ./Drivers/STM32F4xx_HAL_Driver/Src/stm32f4xx_hal.o
 .debug_macro   0x000000000000de71       0x43 ./Drivers/STM32F4xx_HAL_Driver/Src/stm32f4xx_hal.o
 .debug_macro   0x000000000000deb4     0x3652 ./Drivers/STM32F4xx_HAL_Driver/Src/stm32f4xx_hal.o
 .debug_macro   0x0000000000011506      0x174 ./Drivers/STM32F4xx_HAL_Driver/Src/stm32f4xx_hal.o
 .debug_macro   0x000000000001167a       0x5a ./Drivers/STM32F4xx_HAL_Driver/Src/stm32f4xx_hal.o
 .debug_macro   0x00000000000116d4      0x447 ./Drivers/STM32F4xx_HAL_Driver/Src/stm32f4xx_hal.o
 .debug_macro   0x0000000000011b1b      0x9fe ./Drivers/STM32F4xx_HAL_Driver/Src/stm32f4xx_hal.o
 .debug_macro   0x0000000000012519      0x15f ./Drivers/STM32F4xx_HAL_Driver/Src/stm32f4xx_hal.o
 .debug_macro   0x0000000000012678      0x117 ./Drivers/STM32F4xx_HAL_Driver/Src/stm32f4xx_hal.o
 .debug_macro   0x000000000001278f      0x11b ./Drivers/STM32F4xx_HAL_Driver/Src/stm32f4xx_hal.o
 .debug_macro   0x00000000000128aa       0x27 ./Drivers/STM32F4xx_HAL_Driver/Src/stm32f4xx_hal.o
 .debug_macro   0x00000000000128d1      0x287 ./Drivers/STM32F4xx_HAL_Driver/Src/stm32f4xx_hal.o
 .debug_macro   0x0000000000012b58       0x5f ./Drivers/STM32F4xx_HAL_Driver/Src/stm32f4xx_hal.o
 .debug_macro   0x0000000000012bb7      0x236 ./Drivers/STM32F4xx_HAL_Driver/Src/stm32f4xx_hal.o
 .debug_macro   0x0000000000012ded      0x132 ./Drivers/STM32F4xx_HAL_Driver/Src/stm32f4xx_hal.o
 .debug_macro   0x0000000000012f1f      0x264 ./Drivers/STM32F4xx_HAL_Driver/Src/stm32f4xx_hal.o
 .debug_macro   0x0000000000013183       0x2e ./Drivers/STM32F4xx_HAL_Driver/Src/stm32f4xx_hal.o
 .debug_macro   0x00000000000131b1      0x11a ./Drivers/STM32F4xx_HAL_Driver/Src/stm32f4xx_hal.o
 .debug_macro   0x00000000000132cb       0x85 ./Drivers/STM32F4xx_HAL_Driver/Src/stm32f4xx_hal.o
 .debug_macro   0x0000000000013350       0x89 ./Drivers/STM32F4xx_HAL_Driver/Src/stm32f4xx_hal.o
 .debug_macro   0x00000000000133d9      0x8a0 ./Drivers/STM32F4xx_HAL_Driver/Src/stm32f4xx_hal.o
 .debug_macro   0x0000000000013c79       0x47 ./Drivers/STM32F4xx_HAL_Driver/Src/stm32f4xx_hal.o
 .debug_macro   0x0000000000013cc0      0x287 ./Drivers/STM32F4xx_HAL_Driver/Src/stm32f4xx_hal.o
 .debug_macro   0x0000000000013f47      0x126 ./Drivers/STM32F4xx_HAL_Driver/Src/stm32f4xx_hal.o
 .debug_macro   0x000000000001406d      0x1ce ./Drivers/STM32F4xx_HAL_Driver/Src/stm32f4xx_hal_cortex.o
 .debug_macro   0x000000000001423b      0x1d4 ./Drivers/STM32F4xx_HAL_Driver/Src/stm32f4xx_hal_dma.o
 .debug_macro   0x000000000001440f      0x204 ./Drivers/STM32F4xx_HAL_Driver/Src/stm32f4xx_hal_gpio.o
 .debug_macro   0x0000000000014613      0x1f2 ./Drivers/STM32F4xx_HAL_Driver/Src/stm32f4xx_hal_rcc.o
 .debug_macro   0x0000000000014805      0x1cf ./Drivers/STM32F4xx_HAL_Driver/Src/stm32f4xx_hal_tim.o
 .debug_macro   0x00000000000149d4      0x1ce ./Drivers/STM32F4xx_HAL_Driver/Src/stm32f4xx_hal_tim_ex.o
 .debug_macro   0x0000000000014ba2      0x1cf ./Drivers/STM32F4xx_HAL_Driver/Src/stm32f4xx_hal_uart.o
 .debug_macro   0x0000000000014d71      0x403 ./Src/handle_task.o
 .debug_macro   0x0000000000015174       0x52 ./Src/handle_task.o
 .debug_macro   0x00000000000151c6       0x1e ./Src/handle_task.o
 .debug_macro   0x00000000000151e4       0x3c ./Src/handle_task.o
 .debug_macro   0x0000000000015220       0x34 ./Src/handle_task.o
 .debug_macro   0x0000000000015254       0x16 ./Src/handle_task.o
 .debug_macro   0x000000000001526a       0x43 ./Src/handle_task.o
 .debug_macro   0x00000000000152ad       0x34 ./Src/handle_task.o
 .debug_macro   0x00000000000152e1       0x10 ./Src/handle_task.o
 .debug_macro   0x00000000000152f1       0x58 ./Src/handle_task.o
 .debug_macro   0x0000000000015349       0x71 ./Src/handle_task.o
 .debug_macro   0x00000000000153ba       0x1c ./Src/handle_task.o
 .debug_macro   0x00000000000153d6      0x12a ./Src/handle_task.o
 .debug_macro   0x0000000000015500      0x341 ./Src/handle_task.o
 .debug_macro   0x0000000000015841       0x10 ./Src/handle_task.o
 .debug_macro   0x0000000000015851       0x35 ./Src/handle_task.o
 .debug_macro   0x0000000000015886       0x20 ./Src/handle_task.o
 .debug_macro   0x00000000000158a6       0x1c ./Src/handle_task.o
 .debug_macro   0x00000000000158c2       0x10 ./Src/handle_task.o
 .debug_macro   0x00000000000158d2       0x10 ./Src/handle_task.o
 .debug_macro   0x00000000000158e2       0x1c ./Src/handle_task.o
 .debug_macro   0x00000000000158fe       0x52 ./Src/handle_task.o
 .debug_macro   0x0000000000015950       0x22 ./Src/handle_task.o
 .debug_macro   0x0000000000015972       0x10 ./Src/handle_task.o
 .debug_macro   0x0000000000015982       0x52 ./Src/handle_task.o
 .debug_macro   0x00000000000159d4       0xd5 ./Src/handle_task.o
 .debug_macro   0x0000000000015aa9       0x1c ./Src/handle_task.o
 .debug_macro   0x0000000000015ac5       0x3d ./Src/handle_task.o
 .debug_macro   0x0000000000015b02       0x16 ./Src/handle_task.o
 .debug_macro   0x0000000000015b18      0x145 ./Src/handle_task.o
 .debug_macro   0x0000000000015c5d      0x11a ./Src/handle_task.o
 .debug_macro   0x0000000000015d77      0x15a ./Src/handle_task.o
 .debug_macro   0x0000000000015ed1       0xea ./Src/handle_task.o
 .debug_macro   0x0000000000015fbb       0x1c ./Src/handle_task.o
 .debug_macro   0x0000000000015fd7       0x26 ./Src/handle_task.o
 .debug_macro   0x0000000000015ffd      0x520 ./Src/handle_task.o
 .debug_macro   0x000000000001651d       0xb5 ./Src/handle_task.o
 .debug_macro   0x00000000000165d2      0x120 ./Src/handle_task.o
 .debug_macro   0x00000000000166f2       0x80 ./Src/handle_task.o
 .debug_macro   0x0000000000016772       0x97 ./Src/handle_task.o
 .debug_macro   0x0000000000016809       0x7e ./Src/handle_task.o
 .debug_macro   0x0000000000016887       0x10 ./Src/handle_task.o
 .debug_macro   0x0000000000016897      0x409 ./Src/main.o
 .debug_macro   0x0000000000016ca0      0x403 ./Src/stm32f4xx_hal_msp.o
 .debug_macro   0x00000000000170a3      0x1ce ./Src/stm32f4xx_hal_timebase_tim.o
 .debug_macro   0x0000000000017271      0x40d ./Src/stm32f4xx_it.o
 .debug_macro   0x000000000001767e      0x1d4 ./Src/system_stm32f4xx.o
 .debug_macro   0x0000000000017852      0x193 ./ThirdParty/FreeRTOS/list.o
 .debug_macro   0x00000000000179e5      0x21c ./ThirdParty/FreeRTOS/queue.o
 .debug_macro   0x0000000000017c01       0x16 ./ThirdParty/FreeRTOS/queue.o
 .debug_macro   0x0000000000017c17      0x280 ./ThirdParty/FreeRTOS/tasks.o
 .debug_macro   0x0000000000017e97       0x10 ./ThirdParty/FreeRTOS/tasks.o
 .debug_macro   0x0000000000017ea7      0x1dc ./ThirdParty/FreeRTOS/timers.o
 .debug_macro   0x0000000000018083      0x196 ./ThirdParty/FreeRTOS/portable/GCC/ARM_CM4F/port.o
 .debug_macro   0x0000000000018219      0x1ae ./ThirdParty/FreeRTOS/portable/MemMang/heap_4.o

.debug_line     0x0000000000000000    0x122d7
 .debug_line    0x0000000000000000      0x99e ./Drivers/STM32F4xx_HAL_Driver/Src/stm32f4xx_hal.o
 .debug_line    0x000000000000099e      0xc4d ./Drivers/STM32F4xx_HAL_Driver/Src/stm32f4xx_hal_cortex.o
 .debug_line    0x00000000000015eb      0xf09 ./Drivers/STM32F4xx_HAL_Driver/Src/stm32f4xx_hal_dma.o
 .debug_line    0x00000000000024f4      0xaea ./Drivers/STM32F4xx_HAL_Driver/Src/stm32f4xx_hal_gpio.o
 .debug_line    0x0000000000002fde      0xd01 ./Drivers/STM32F4xx_HAL_Driver/Src/stm32f4xx_hal_rcc.o
 .debug_line    0x0000000000003cdf     0x27d8 ./Drivers/STM32F4xx_HAL_Driver/Src/stm32f4xx_hal_tim.o
 .debug_line    0x00000000000064b7     0x1184 ./Drivers/STM32F4xx_HAL_Driver/Src/stm32f4xx_hal_tim_ex.o
 .debug_line    0x000000000000763b     0x17b6 ./Drivers/STM32F4xx_HAL_Driver/Src/stm32f4xx_hal_uart.o
 .debug_line    0x0000000000008df1      0xa6b ./Src/handle_task.o
 .debug_line    0x000000000000985c      0xc3f ./Src/main.o
 .debug_line    0x000000000000a49b      0xaee ./Src/stm32f4xx_hal_msp.o
 .debug_line    0x000000000000af89      0x70e ./Src/stm32f4xx_hal_timebase_tim.o
 .debug_line    0x000000000000b697      0xafd ./Src/stm32f4xx_it.o
 .debug_line    0x000000000000c194      0x739 ./Src/system_stm32f4xx.o
 .debug_line    0x000000000000c8cd       0x81 ./Startup/startup_stm32f411vetx.o
 .debug_line    0x000000000000c94e      0x730 ./ThirdParty/FreeRTOS/list.o
 .debug_line    0x000000000000d07e     0x15d9 ./ThirdParty/FreeRTOS/queue.o
 .debug_line    0x000000000000e657     0x1dce ./ThirdParty/FreeRTOS/tasks.o
 .debug_line    0x0000000000010425      0xc8f ./ThirdParty/FreeRTOS/timers.o
 .debug_line    0x00000000000110b4      0x8a8 ./ThirdParty/FreeRTOS/portable/GCC/ARM_CM4F/port.o
 .debug_line    0x000000000001195c      0x97b ./ThirdParty/FreeRTOS/portable/MemMang/heap_4.o

.debug_str      0x0000000000000000    0x95700
 .debug_str     0x0000000000000000    0x85827 ./Drivers/STM32F4xx_HAL_Driver/Src/stm32f4xx_hal.o
                                      0x85b91 (size before relaxing)
 .debug_str     0x0000000000085827      0x3ab ./Drivers/STM32F4xx_HAL_Driver/Src/stm32f4xx_hal_cortex.o
                                      0x858b2 (size before relaxing)
 .debug_str     0x0000000000085bd2      0x53c ./Drivers/STM32F4xx_HAL_Driver/Src/stm32f4xx_hal_dma.o
                                      0x8556d (size before relaxing)
 .debug_str     0x000000000008610e      0x292 ./Drivers/STM32F4xx_HAL_Driver/Src/stm32f4xx_hal_gpio.o
                                      0x8538d (size before relaxing)
 .debug_str     0x00000000000863a0      0x3ab ./Drivers/STM32F4xx_HAL_Driver/Src/stm32f4xx_hal_rcc.o
                                      0x85599 (size before relaxing)
 .debug_str     0x000000000008674b      0xf4b ./Drivers/STM32F4xx_HAL_Driver/Src/stm32f4xx_hal_tim.o
                                      0x862bf (size before relaxing)
 .debug_str     0x0000000000087696      0x4b7 ./Drivers/STM32F4xx_HAL_Driver/Src/stm32f4xx_hal_tim_ex.o
                                      0x85b08 (size before relaxing)
 .debug_str     0x0000000000087b4d      0x6dd ./Drivers/STM32F4xx_HAL_Driver/Src/stm32f4xx_hal_uart.o
                                      0x859ff (size before relaxing)
 .debug_str     0x000000000008822a     0xa14f ./Src/handle_task.o
                                      0x8f5df (size before relaxing)
 .debug_str     0x0000000000092379      0x16f ./Src/main.o
                                      0x8fbe7 (size before relaxing)
 .debug_str     0x00000000000924e8       0x1b ./Src/stm32f4xx_hal_msp.o
                                      0x8f9ef (size before relaxing)
 .debug_str     0x0000000000092503       0x50 ./Src/stm32f4xx_hal_timebase_tim.o
                                      0x859db (size before relaxing)
 .debug_str     0x0000000000092553       0xc1 ./Src/stm32f4xx_it.o
                                      0x8f6f6 (size before relaxing)
 .debug_str     0x0000000000092614       0x5a ./Src/system_stm32f4xx.o
                                      0x85175 (size before relaxing)
 .debug_str     0x000000000009266e       0x31 ./Startup/startup_stm32f411vetx.o
                                         0x5a (size before relaxing)
 .debug_str     0x000000000009269f      0x265 ./ThirdParty/FreeRTOS/list.o
                                       0xa9ac (size before relaxing)
 .debug_str     0x0000000000092904      0x9d6 ./ThirdParty/FreeRTOS/queue.o
                                       0xce37 (size before relaxing)
 .debug_str     0x00000000000932da     0x1494 ./ThirdParty/FreeRTOS/tasks.o
                                       0xdc27 (size before relaxing)
 .debug_str     0x000000000009476e      0x507 ./ThirdParty/FreeRTOS/timers.o
                                       0xd1cb (size before relaxing)
 .debug_str     0x0000000000094c75      0x77b ./ThirdParty/FreeRTOS/portable/GCC/ARM_CM4F/port.o
                                       0x94ac (size before relaxing)
 .debug_str     0x00000000000953f0      0x310 ./ThirdParty/FreeRTOS/portable/MemMang/heap_4.o
                                       0xbe75 (size before relaxing)

.comment        0x0000000000000000       0x50
 .comment       0x0000000000000000       0x50 ./Drivers/STM32F4xx_HAL_Driver/Src/stm32f4xx_hal.o
                                         0x51 (size before relaxing)
 .comment       0x0000000000000050       0x51 ./Drivers/STM32F4xx_HAL_Driver/Src/stm32f4xx_hal_cortex.o
 .comment       0x0000000000000050       0x51 ./Drivers/STM32F4xx_HAL_Driver/Src/stm32f4xx_hal_dma.o
 .comment       0x0000000000000050       0x51 ./Drivers/STM32F4xx_HAL_Driver/Src/stm32f4xx_hal_gpio.o